Archive member included to satisfy reference by file (symbol)

/opt/devkitpro/libctru/lib/libcitro2d.a(base.o)
                              main.o (C2D_Init)
/opt/devkitpro/libctru/lib/libcitro2d.a(render2d.shbin.o)
                              /opt/devkitpro/libctru/lib/libcitro2d.a(base.o) (render2d_shbin)
/opt/devkitpro/libctru/lib/libcitro3d.a(base.o)
                              main.o (C3D_Init)
/opt/devkitpro/libctru/lib/libcitro3d.a(renderqueue.o)
                              /opt/devkitpro/libctru/lib/libcitro3d.a(base.o) (C3Di_RenderQueueEnableVBlank)
/opt/devkitpro/libctru/lib/libcitro3d.a(texture.o)
                              /opt/devkitpro/libctru/lib/libcitro2d.a(base.o) (C3D_TexBind)
/opt/devkitpro/libctru/lib/libcitro3d.a(framebuffer.o)
                              /opt/devkitpro/libctru/lib/libcitro3d.a(renderqueue.o) (C3D_CalcColorBufSize)
/opt/devkitpro/libctru/lib/libcitro3d.a(texenv.o)
                              /opt/devkitpro/libctru/lib/libcitro2d.a(base.o) (C3D_GetTexEnv)
/opt/devkitpro/libctru/lib/libcitro3d.a(drawElements.o)
                              /opt/devkitpro/libctru/lib/libcitro2d.a(base.o) (C3D_DrawElements)
/opt/devkitpro/libctru/lib/libcitro3d.a(proctex.o)
                              /opt/devkitpro/libctru/lib/libcitro2d.a(base.o) (C3D_ProcTexInit)
/opt/devkitpro/libctru/lib/libcitro3d.a(buffers.o)
                              /opt/devkitpro/libctru/lib/libcitro2d.a(base.o) (BufInfo_Init)
/opt/devkitpro/libctru/lib/libcitro3d.a(effect.o)
                              /opt/devkitpro/libctru/lib/libcitro3d.a(base.o) (C3D_DepthMap)
/opt/devkitpro/libctru/lib/libcitro3d.a(attribs.o)
                              /opt/devkitpro/libctru/lib/libcitro2d.a(base.o) (AttrInfo_Init)
/opt/devkitpro/libctru/lib/libcitro3d.a(immediate.o)
                              /opt/devkitpro/libctru/lib/libcitro3d.a(base.o) (C3D_ImmSendAttrib)
/opt/devkitpro/libctru/lib/libcitro3d.a(uniforms.o)
                              /opt/devkitpro/libctru/lib/libcitro3d.a(base.o) (C3D_UpdateUniforms)
/opt/devkitpro/libctru/lib/libcitro3d.a(mtx_ortho.o)
                              /opt/devkitpro/libctru/lib/libcitro2d.a(base.o) (Mtx_Ortho)
/opt/devkitpro/libctru/lib/libcitro3d.a(mtx_scale.o)
                              /opt/devkitpro/libctru/lib/libcitro2d.a(base.o) (Mtx_Scale)
/opt/devkitpro/libctru/lib/libcitro3d.a(mtx_multiply.o)
                              /opt/devkitpro/libctru/lib/libcitro2d.a(base.o) (Mtx_Multiply)
/opt/devkitpro/libctru/lib/libcitro3d.a(mtx_orthotilt.o)
                              /opt/devkitpro/libctru/lib/libcitro2d.a(base.o) (Mtx_OrthoTilt)
/opt/devkitpro/libctru/lib/libcitro3d.a(mtx_translate.o)
                              /opt/devkitpro/libctru/lib/libcitro2d.a(base.o) (Mtx_Translate)
/opt/devkitpro/libctru/lib/libcitro3d.a(mtx_rotatez.o)
                              /opt/devkitpro/libctru/lib/libcitro2d.a(base.o) (Mtx_RotateZ)
/opt/devkitpro/libctru/lib/libctru.a(vram.o)
                              /opt/devkitpro/libctru/lib/libcitro3d.a(renderqueue.o) (vramAlloc)
/opt/devkitpro/libctru/lib/libctru.a(linear.o)
                              /opt/devkitpro/libctru/lib/libcitro2d.a(base.o) (linearAlloc)
/opt/devkitpro/libctru/lib/libctru.a(mem_pool.o)
                              /opt/devkitpro/libctru/lib/libctru.a(vram.o) (MemPool::Allocate(MemChunk&, unsigned long, int))
/opt/devkitpro/libctru/lib/libctru.a(os.o)
                              /opt/devkitpro/libctru/lib/libcitro3d.a(texture.o) (osConvertVirtToPhys)
/opt/devkitpro/libctru/lib/libctru.a(console.o)
                              main.o (consoleInit)
/opt/devkitpro/libctru/lib/libctru.a(gfx.o)
                              main.o (gfxSet3D)
/opt/devkitpro/libctru/lib/libctru.a(shaderProgram.o)
                              /opt/devkitpro/libctru/lib/libcitro2d.a(base.o) (shaderInstanceGetUniformLocation)
/opt/devkitpro/libctru/lib/libctru.a(shbin.o)
                              /opt/devkitpro/libctru/lib/libcitro2d.a(base.o) (DVLB_ParseFile)
/opt/devkitpro/libctru/lib/libctru.a(gx.o)
                              /opt/devkitpro/libctru/lib/libcitro3d.a(renderqueue.o) (GX_BindQueue)
/opt/devkitpro/libctru/lib/libctru.a(gxqueue.o)
                              /opt/devkitpro/libctru/lib/libcitro3d.a(renderqueue.o) (gxCmdQueueClear)
/opt/devkitpro/libctru/lib/libctru.a(gpu.o)
                              /opt/devkitpro/libctru/lib/libcitro3d.a(base.o) (gpuCmdBufOffset)
/opt/devkitpro/libctru/lib/libctru.a(gspgpu.o)
                              /opt/devkitpro/libctru/lib/libctru.a(gfx.o) (gspInit)
/opt/devkitpro/libctru/lib/libctru.a(apt.o)
                              /opt/devkitpro/libctru/lib/libcitro3d.a(base.o) (aptHook)
/opt/devkitpro/libctru/lib/libctru.a(hid.o)
                              main.o (hidScanInput)
/opt/devkitpro/libctru/lib/libctru.a(ptmsysm.o)
                              /opt/devkitpro/libctru/lib/libctru.a(os.o) (ptmSysmInit)
[...]
Memory Configuration

Name             Origin             Length             Attributes
*default*        0x0000000000000000 0xffffffffffffffff

Linker script and memory map

                0x0000000000100000                PROVIDE (__start__ = 0x100000)
                0x0000000000100000                . = __start__

.text           0x0000000000100000    0x29338
 *(.crt0)
 .crt0          0x0000000000100000       0x94 /opt/devkitpro/devkitARM/bin/../lib/gcc/arm-none-eabi/12.2.0/../../../../arm-none-eabi/lib/armv6k/fpu/3dsx_crt0.o
                0x0000000000100000                _start
                0x0000000000100008                __service_ptr
                0x000000000010000c                __apt_appid
                0x0000000000100010                __heap_size
                0x0000000000100014                __linear_heap_size
                0x0000000000100018                __system_arglist
                0x000000000010001c                __system_runflags
 *(.init)
 .init          0x0000000000100094        0xc /opt/devkitpro/devkitARM/bin/../lib/gcc/arm-none-eabi/12.2.0/armv6k/fpu/crti.o
                0x0000000000100094                _init
 .init          0x00000000001000a0        0xc /opt/devkitpro/devkitARM/bin/../lib/gcc/arm-none-eabi/12.2.0/armv6k/fpu/crtn.o
                0x00000000001000ac                . = ALIGN (0x4)
 *(.text)
 .text          0x00000000001000ac      0x240 /opt/devkitpro/devkitARM/bin/../lib/gcc/arm-none-eabi/12.2.0/armv6k/fpu/libgcc.a(_divsi3.o)
                0x00000000001000ac                __aeabi_idiv
                0x00000000001000ac                __divsi3
                0x00000000001002cc                __aeabi_idivmod
 .text          0x00000000001002ec        0x4 /opt/devkitpro/devkitARM/bin/../lib/gcc/arm-none-eabi/12.2.0/armv6k/fpu/libgcc.a(_dvmd_tls.o)
                0x00000000001002ec                __aeabi_ldiv0
                0x00000000001002ec                __aeabi_idiv0
 .text          0x00000000001002f0      0x3c0 /opt/devkitpro/devkitARM/bin/../lib/gcc/arm-none-eabi/12.2.0/armv6k/fpu/libgcc.a(_arm_addsubdf3.o)
                0x00000000001002f0                __aeabi_drsub
                0x00000000001002f8                __aeabi_dsub
                0x00000000001002f8                __subdf3
                0x00000000001002fc                __adddf3
                0x00000000001002fc                __aeabi_dadd
                0x00000000001005a8                __aeabi_ui2d
                0x00000000001005a8                __floatunsidf
                0x00000000001005cc                __floatsidf
                0x00000000001005cc                __aeabi_i2d
                0x00000000001005f4                __extendsfdf2
                0x00000000001005f4                __aeabi_f2d
                0x000000000010063c                __aeabi_ul2d
                0x000000000010063c                __floatundidf
                0x0000000000100650                __floatdidf
                0x0000000000100650                __aeabi_l2d
 .text          0x00000000001006b0       0x3c /opt/devkitpro/devkitARM/bin/../lib/gcc/arm-none-eabi/12.2.0/armv6k/fpu/libgcc.a(_aeabi_uldivmod.o)
                0x00000000001006b0                __aeabi_uldivmod
 *fill*         0x00000000001006ec       0x14 
 .text          0x0000000000100700      0x390 /opt/devkitpro/devkitARM/bin/../lib/gcc/arm-none-eabi/12.2.0/../../../../arm-none-eabi/lib/armv6k/fpu/libg.a(lib_a-strcmp.o)
                0x0000000000100708                strcmp
 .text          0x0000000000100a90      0x20c /opt/devkitpro/devkitARM/bin/../lib/gcc/arm-none-eabi/12.2.0/armv6k/fpu/libgcc.a(_udivsi3.o)
                0x0000000000100a90                __udivsi3
                0x0000000000100a90                __aeabi_uidiv
                0x0000000000100c7c                __aeabi_uidivmod
 *(.text.*)
 .text.__do_global_dtors_aux
                0x0000000000100c9c       0x40 /opt/devkitpro/devkitARM/bin/../lib/gcc/arm-none-eabi/12.2.0/armv6k/fpu/crtbegin.o
 .text.frame_dummy
                0x0000000000100cdc       0x2c /opt/devkitpro/devkitARM/bin/../lib/gcc/arm-none-eabi/12.2.0/armv6k/fpu/crtbegin.o
 .text.C2D_Color32f
                0x0000000000100d08      0x114 main.o
 .text.C2D_SceneTarget
                0x0000000000100e1c       0x18 main.o
 .text.C2D_SceneBegin
                0x0000000000100e34       0x20 main.o
 .text.C2D_DrawRectSolid
                0x0000000000100e54       0x18 main.o
 .text.exitTheGame
                0x0000000000100e6c       0x14 main.o
                0x0000000000100e6c                exitTheGame
 .text.setTheObjectScale
                0x0000000000100e80       0x58 main.o
                0x0000000000100e80                setTheObjectScale
 .text.decrementAllTheVerteciesValuesByOne
                0x0000000000100ed8       0x40 main.o
                0x0000000000100ed8                decrementAllTheVerteciesValuesByOne
 .text.cutANumber
                0x0000000000100f18       0x28 main.o
                0x0000000000100f18                cutANumber
 .text.handleInput
                0x0000000000100f40      0x28c main.o
                0x0000000000100f40                handleInput
 *fill*         0x00000000001011cc        0x4 
 .text.main     0x00000000001011d0      0xc94 main.o
                0x00000000001011d0                main
 .text.C2Di_FrameEndHook
                0x0000000000101e64       0x44 /opt/devkitpro/libctru/lib/libcitro2d.a(base.o)
 .text.C2D_Init
                0x0000000000101ea8      0x36c /opt/devkitpro/libctru/lib/libcitro2d.a(base.o)
                0x0000000000101ea8                C2D_Init
 .text.C2D_Fini
                0x0000000000102214       0x4c /opt/devkitpro/libctru/lib/libcitro2d.a(base.o)
                0x0000000000102214                C2D_Fini
 .text.C2D_Prepare
                0x0000000000102260       0xb8 /opt/devkitpro/libctru/lib/libcitro2d.a(base.o)
                0x0000000000102260                C2D_Prepare
 .text.C2D_Flush
                0x0000000000102318       0x48 /opt/devkitpro/libctru/lib/libcitro2d.a(base.o)
                0x0000000000102318                C2D_Flush
 .text.C2D_SceneSize
                0x0000000000102360      0x104 /opt/devkitpro/libctru/lib/libcitro2d.a(base.o)
                0x0000000000102360                C2D_SceneSize
 .text.C2D_CreateScreenTarget
                0x0000000000102464       0x58 /opt/devkitpro/libctru/lib/libcitro2d.a(base.o)
                0x0000000000102464                C2D_CreateScreenTarget
 .text.C2D_TargetClear
                0x00000000001024bc       0x64 /opt/devkitpro/libctru/lib/libcitro2d.a(base.o)
                0x00000000001024bc                C2D_TargetClear
 .text.C2Di_AppendQuad
                0x0000000000102520       0x58 /opt/devkitpro/libctru/lib/libcitro2d.a(base.o)
                0x0000000000102520                C2Di_AppendQuad
 .text.C2Di_Update
                0x0000000000102578      0x550 /opt/devkitpro/libctru/lib/libcitro2d.a(base.o)
                0x0000000000102578                C2Di_Update
 .text.C2D_DrawTriangle
                0x0000000000102ac8      0x15c /opt/devkitpro/libctru/lib/libcitro2d.a(base.o)
                0x0000000000102ac8                C2D_DrawTriangle
 .text.C2D_DrawLine
                0x0000000000102c24      0x1dc /opt/devkitpro/libctru/lib/libcitro2d.a(base.o)
                0x0000000000102c24                C2D_DrawLine
 .text.C2D_DrawRectangle
                0x0000000000102e00      0x158 /opt/devkitpro/libctru/lib/libcitro2d.a(base.o)
                0x0000000000102e00                C2D_DrawRectangle
 .text.C3Di_LightEnvUpdate
                0x0000000000102f58        0x4 /opt/devkitpro/libctru/lib/libcitro3d.a(base.o)
                0x0000000000102f58                C3Di_LightEnvUpdate
 .text.C3Di_LightEnvDirty
                0x0000000000102f5c        0x4 /opt/devkitpro/libctru/lib/libcitro3d.a(base.o)
                0x0000000000102f5c                C3Di_LightEnvDirty
 .text.C3Di_AptEventHook
                0x0000000000102f60       0xb4 /opt/devkitpro/libctru/lib/libcitro3d.a(base.o)
 .text.C3Di_GasUpdate
                0x0000000000103014        0x4 /opt/devkitpro/libctru/lib/libcitro3d.a(base.o)
                0x0000000000103014                C3Di_GasUpdate
 .text.C3D_Init
                0x0000000000103018      0x1e0 /opt/devkitpro/libctru/lib/libcitro3d.a(base.o)
                0x0000000000103018                C3D_Init
 .text.C3D_SetViewport
                0x00000000001031f8       0x98 /opt/devkitpro/libctru/lib/libcitro3d.a(base.o)
                0x00000000001031f8                C3D_SetViewport
 .text.C3Di_UpdateContext
                0x0000000000103290      0x4e8 /opt/devkitpro/libctru/lib/libcitro3d.a(base.o)
                0x0000000000103290                C3Di_UpdateContext
 .text.C3Di_SplitFrame
                0x0000000000103778       0xe0 /opt/devkitpro/libctru/lib/libcitro3d.a(base.o)
                0x0000000000103778                C3Di_SplitFrame
 .text.C3D_GetCmdBufUsage
                0x0000000000103858       0x10 /opt/devkitpro/libctru/lib/libcitro3d.a(base.o)
                0x0000000000103858                C3D_GetCmdBufUsage
 .text.C3D_Fini
                0x0000000000103868       0x44 /opt/devkitpro/libctru/lib/libcitro3d.a(base.o)
                0x0000000000103868                C3D_Fini
 .text.C3D_BindProgram
                0x00000000001038ac      0x114 /opt/devkitpro/libctru/lib/libcitro3d.a(base.o)
                0x00000000001038ac                C3D_BindProgram
 .text.onVBlank0
                0x00000000001039c0       0x4c /opt/devkitpro/libctru/lib/libcitro3d.a(renderqueue.o)
 .text.onVBlank1
                0x0000000000103a0c       0x4c /opt/devkitpro/libctru/lib/libcitro3d.a(renderqueue.o)
 .text.C3Di_RenderTargetDestroy
                0x0000000000103a58       0x80 /opt/devkitpro/libctru/lib/libcitro3d.a(renderqueue.o)
 .text.onQueueFinish
                0x0000000000103ad8       0xf4 /opt/devkitpro/libctru/lib/libcitro3d.a(renderqueue.o)
 .text.C3Di_RenderQueueEnableVBlank
                0x0000000000103bcc       0x38 /opt/devkitpro/libctru/lib/libcitro3d.a(renderqueue.o)
                0x0000000000103bcc                C3Di_RenderQueueEnableVBlank
 .text.C3Di_RenderQueueDisableVBlank
                0x0000000000103c04       0x30 /opt/devkitpro/libctru/lib/libcitro3d.a(renderqueue.o)
                0x0000000000103c04                C3Di_RenderQueueDisableVBlank
 .text.C3Di_RenderQueueInit
                0x0000000000103c34       0x60 /opt/devkitpro/libctru/lib/libcitro3d.a(renderqueue.o)
                0x0000000000103c34                C3Di_RenderQueueInit
 .text.C3Di_RenderQueueExit
                0x0000000000103c94       0xb0 /opt/devkitpro/libctru/lib/libcitro3d.a(renderqueue.o)
                0x0000000000103c94                C3Di_RenderQueueExit
 .text.C3Di_RenderQueueWaitDone
                0x0000000000103d44       0x34 /opt/devkitpro/libctru/lib/libcitro3d.a(renderqueue.o)
                0x0000000000103d44                C3Di_RenderQueueWaitDone
 .text.C3D_FrameBegin
                0x0000000000103d78       0xe4 /opt/devkitpro/libctru/lib/libcitro3d.a(renderqueue.o)
                0x0000000000103d78                C3D_FrameBegin
 .text.C3D_FrameDrawOn
                0x0000000000103e5c       0x48 /opt/devkitpro/libctru/lib/libcitro3d.a(renderqueue.o)
                0x0000000000103e5c                C3D_FrameDrawOn
 .text.C3D_FrameSplit
                0x0000000000103ea4       0x58 /opt/devkitpro/libctru/lib/libcitro3d.a(renderqueue.o)
                0x0000000000103ea4                C3D_FrameSplit
 .text.C3D_FrameEnd
                0x0000000000103efc      0x1d8 /opt/devkitpro/libctru/lib/libcitro3d.a(renderqueue.o)
                0x0000000000103efc                C3D_FrameEnd
 .text.C3D_FrameEndHook
                0x00000000001040d4       0x1c /opt/devkitpro/libctru/lib/libcitro3d.a(renderqueue.o)
                0x00000000001040d4                C3D_FrameEndHook
 .text.C3D_GetDrawingTime
                0x00000000001040f0       0x18 /opt/devkitpro/libctru/lib/libcitro3d.a(renderqueue.o)
                0x00000000001040f0                C3D_GetDrawingTime
 .text.C3D_GetProcessingTime
                0x0000000000104108       0x18 /opt/devkitpro/libctru/lib/libcitro3d.a(renderqueue.o)
                0x0000000000104108                C3D_GetProcessingTime
 .text.C3D_RenderTargetCreate
                0x0000000000104120      0x184 /opt/devkitpro/libctru/lib/libcitro3d.a(renderqueue.o)
                0x0000000000104120                C3D_RenderTargetCreate
 .text.C3D_RenderTargetSetOutput
                0x00000000001042a4       0xa8 /opt/devkitpro/libctru/lib/libcitro3d.a(renderqueue.o)
                0x00000000001042a4                C3D_RenderTargetSetOutput
 .text.C3D_TexBind
                0x000000000010434c       0x44 /opt/devkitpro/libctru/lib/libcitro3d.a(texture.o)
                0x000000000010434c                C3D_TexBind
 .text.C3Di_SetTex
                0x0000000000104390      0x16c /opt/devkitpro/libctru/lib/libcitro3d.a(texture.o)
                0x0000000000104390                C3Di_SetTex
 .text.C3D_CalcColorBufSize
                0x00000000001044fc       0x1c /opt/devkitpro/libctru/lib/libcitro3d.a(framebuffer.o)
                0x00000000001044fc                C3D_CalcColorBufSize
 .text.C3D_CalcDepthBufSize
                0x0000000000104518       0x1c /opt/devkitpro/libctru/lib/libcitro3d.a(framebuffer.o)
                0x0000000000104518                C3D_CalcDepthBufSize
 .text.C3D_SetFrameBuf
                0x0000000000104534       0x44 /opt/devkitpro/libctru/lib/libcitro3d.a(framebuffer.o)
                0x0000000000104534                C3D_SetFrameBuf
 .text.C3Di_FrameBufBind
                0x0000000000104578      0x16c /opt/devkitpro/libctru/lib/libcitro3d.a(framebuffer.o)
                0x0000000000104578                C3Di_FrameBufBind
 .text.C3D_FrameBufClear
                0x00000000001046e4       0xc8 /opt/devkitpro/libctru/lib/libcitro3d.a(framebuffer.o)
                0x00000000001046e4                C3D_FrameBufClear
 .text.C3D_FrameBufTransfer
                0x00000000001047ac       0x44 /opt/devkitpro/libctru/lib/libcitro3d.a(framebuffer.o)
                0x00000000001047ac                C3D_FrameBufTransfer
 .text.C3D_GetTexEnv
                0x00000000001047f0       0x34 /opt/devkitpro/libctru/lib/libcitro3d.a(texenv.o)
                0x00000000001047f0                C3D_GetTexEnv
 .text.C3Di_TexEnvBind
                0x0000000000104824       0x24 /opt/devkitpro/libctru/lib/libcitro3d.a(texenv.o)
                0x0000000000104824                C3Di_TexEnvBind
 .text.C3D_DrawElements
                0x0000000000104848      0x218 /opt/devkitpro/libctru/lib/libcitro3d.a(drawElements.o)
                0x0000000000104848                C3D_DrawElements
 .text.C3D_ProcTexInit
                0x0000000000104a60       0x70 /opt/devkitpro/libctru/lib/libcitro3d.a(proctex.o)
                0x0000000000104a60                C3D_ProcTexInit
 .text.C3D_ProcTexBind
                0x0000000000104ad0       0x54 /opt/devkitpro/libctru/lib/libcitro3d.a(proctex.o)
                0x0000000000104ad0                C3D_ProcTexBind
 .text.C3D_ProcTexLutBind
                0x0000000000104b24       0x5c /opt/devkitpro/libctru/lib/libcitro3d.a(proctex.o)
                0x0000000000104b24                C3D_ProcTexLutBind
 .text.ProcTexLut_FromArray
                0x0000000000104b80       0xa4 /opt/devkitpro/libctru/lib/libcitro3d.a(proctex.o)
                0x0000000000104b80                ProcTexLut_FromArray
 .text.C3Di_ProcTexUpdate
                0x0000000000104c24      0x17c /opt/devkitpro/libctru/lib/libcitro3d.a(proctex.o)
                0x0000000000104c24                C3Di_ProcTexUpdate
 .text.C3Di_ProcTexDirty
                0x0000000000104da0       0x68 /opt/devkitpro/libctru/lib/libcitro3d.a(proctex.o)
                0x0000000000104da0                C3Di_ProcTexDirty
 .text.BufInfo_Init
                0x0000000000104e08       0x24 /opt/devkitpro/libctru/lib/libcitro3d.a(buffers.o)
                0x0000000000104e08                BufInfo_Init
 .text.BufInfo_Add
                0x0000000000104e2c       0x80 /opt/devkitpro/libctru/lib/libcitro3d.a(buffers.o)
                0x0000000000104e2c                BufInfo_Add
 .text.C3D_SetBufInfo
                0x0000000000104eac       0x40 /opt/devkitpro/libctru/lib/libcitro3d.a(buffers.o)
                0x0000000000104eac                C3D_SetBufInfo
 .text.C3Di_BufInfoBind
                0x0000000000104eec       0x48 /opt/devkitpro/libctru/lib/libcitro3d.a(buffers.o)
                0x0000000000104eec                C3Di_BufInfoBind
 .text.C3D_DepthMap
                0x0000000000104f34       0x40 /opt/devkitpro/libctru/lib/libcitro3d.a(effect.o)
                0x0000000000104f34                C3D_DepthMap
 .text.C3D_CullFace
                0x0000000000104f74       0x1c /opt/devkitpro/libctru/lib/libcitro3d.a(effect.o)
                0x0000000000104f74                C3D_CullFace
 .text.C3D_StencilTest
                0x0000000000104f90       0x40 /opt/devkitpro/libctru/lib/libcitro3d.a(effect.o)
                0x0000000000104f90                C3D_StencilTest
 .text.C3D_StencilOp
                0x0000000000104fd0       0x24 /opt/devkitpro/libctru/lib/libcitro3d.a(effect.o)
                0x0000000000104fd0                C3D_StencilOp
 .text.C3D_BlendingColor
                0x0000000000104ff4       0x1c /opt/devkitpro/libctru/lib/libcitro3d.a(effect.o)
                0x0000000000104ff4                C3D_BlendingColor
 .text.C3D_EarlyDepthTest
                0x0000000000105010       0x24 /opt/devkitpro/libctru/lib/libcitro3d.a(effect.o)
                0x0000000000105010                C3D_EarlyDepthTest
 .text.C3D_DepthTest
                0x0000000000105034       0x2c /opt/devkitpro/libctru/lib/libcitro3d.a(effect.o)
                0x0000000000105034                C3D_DepthTest
 .text.C3D_AlphaTest
                0x0000000000105060       0x2c /opt/devkitpro/libctru/lib/libcitro3d.a(effect.o)
                0x0000000000105060                C3D_AlphaTest
 .text.C3D_AlphaBlend
                0x000000000010508c       0x50 /opt/devkitpro/libctru/lib/libcitro3d.a(effect.o)
                0x000000000010508c                C3D_AlphaBlend
 .text.C3D_FragOpMode
                0x00000000001050dc       0x30 /opt/devkitpro/libctru/lib/libcitro3d.a(effect.o)
                0x00000000001050dc                C3D_FragOpMode
 .text.C3D_FragOpShadow
                0x000000000010510c       0x44 /opt/devkitpro/libctru/lib/libcitro3d.a(effect.o)
                0x000000000010510c                C3D_FragOpShadow
 .text.C3Di_EffectBind
                0x0000000000105150      0x1ac /opt/devkitpro/libctru/lib/libcitro3d.a(effect.o)
                0x0000000000105150                C3Di_EffectBind
 .text.AttrInfo_Init
                0x00000000001052fc       0x28 /opt/devkitpro/libctru/lib/libcitro3d.a(attribs.o)
                0x00000000001052fc                AttrInfo_Init
 .text.AttrInfo_AddLoader
                0x0000000000105324       0x94 /opt/devkitpro/libctru/lib/libcitro3d.a(attribs.o)
                0x0000000000105324                AttrInfo_AddLoader
 .text.C3D_SetAttrInfo
                0x00000000001053b8       0x54 /opt/devkitpro/libctru/lib/libcitro3d.a(attribs.o)
                0x00000000001053b8                C3D_SetAttrInfo
 .text.C3Di_AttrInfoBind
                0x000000000010540c       0x80 /opt/devkitpro/libctru/lib/libcitro3d.a(attribs.o)
                0x000000000010540c                C3Di_AttrInfoBind
 .text.C3D_ImmSendAttrib
                0x000000000010548c       0xa8 /opt/devkitpro/libctru/lib/libcitro3d.a(immediate.o)
                0x000000000010548c                C3D_ImmSendAttrib
 .text.C3D_UpdateUniforms
                0x0000000000105534      0x280 /opt/devkitpro/libctru/lib/libcitro3d.a(uniforms.o)
                0x0000000000105534                C3D_UpdateUniforms
 .text.C3Di_DirtyUniforms
                0x00000000001057b4       0xc0 /opt/devkitpro/libctru/lib/libcitro3d.a(uniforms.o)
                0x00000000001057b4                C3Di_DirtyUniforms
 .text.C3Di_LoadShaderUniforms
                0x0000000000105874       0xd8 /opt/devkitpro/libctru/lib/libcitro3d.a(uniforms.o)
                0x0000000000105874                C3Di_LoadShaderUniforms
 .text.C3Di_ClearShaderUniforms
                0x000000000010594c       0x28 /opt/devkitpro/libctru/lib/libcitro3d.a(uniforms.o)
                0x000000000010594c                C3Di_ClearShaderUniforms
 .text.Mtx_Ortho
                0x0000000000105974       0xcc /opt/devkitpro/libctru/lib/libcitro3d.a(mtx_ortho.o)
                0x0000000000105974                Mtx_Ortho
 .text.Mtx_OrthoTilt
                0x0000000000105a40       0xcc /opt/devkitpro/libctru/lib/libcitro3d.a(mtx_orthotilt.o)
                0x0000000000105a40                Mtx_OrthoTilt
 .text._ZL21addrMapNodeComparatorPK11rbtree_nodeS1_
                0x0000000000105b0c       0x24 /opt/devkitpro/libctru/lib/libctru.a(vram.o)
 .text._ZL21addrMapNodeDestructorP11rbtree_node
                0x0000000000105b30        0x4 /opt/devkitpro/libctru/lib/libctru.a(vram.o)
 .text.vramMemAlignAt
                0x0000000000105b34      0x250 /opt/devkitpro/libctru/lib/libctru.a(vram.o)
                0x0000000000105b34                vramMemAlignAt
 .text.vramAlloc
                0x0000000000105d84        0xc /opt/devkitpro/libctru/lib/libctru.a(vram.o)
                0x0000000000105d84                vramAlloc
 .text.vramAllocAt
                0x0000000000105d90        0xc /opt/devkitpro/libctru/lib/libctru.a(vram.o)
                0x0000000000105d90                vramAllocAt
 .text.vramFree
                0x0000000000105d9c       0x90 /opt/devkitpro/libctru/lib/libctru.a(vram.o)
                0x0000000000105d9c                vramFree
 .text._ZL21addrMapNodeComparatorPK11rbtree_nodeS1_
                0x0000000000105e2c       0x24 /opt/devkitpro/libctru/lib/libctru.a(linear.o)
 .text._ZL21addrMapNodeDestructorP11rbtree_node
                0x0000000000105e50        0x4 /opt/devkitpro/libctru/lib/libctru.a(linear.o)
 .text.linearMemAlign
                0x0000000000105e54      0x120 /opt/devkitpro/libctru/lib/libctru.a(linear.o)
                0x0000000000105e54                linearMemAlign
 .text.linearAlloc
                0x0000000000105f74        0x8 /opt/devkitpro/libctru/lib/libctru.a(linear.o)
                0x0000000000105f74                linearAlloc
 .text.linearFree
                0x0000000000105f7c       0x5c /opt/devkitpro/libctru/lib/libctru.a(linear.o)
                0x0000000000105f7c                linearFree
 .text._ZN7MemPool13CoalesceRightEP8MemBlock
                0x0000000000105fd8       0x80 /opt/devkitpro/libctru/lib/libctru.a(mem_pool.o)
                0x0000000000105fd8                MemPool::CoalesceRight(MemBlock*)
 .text._ZN7MemPool8AllocateER8MemChunkmi
                0x0000000000106058      0x16c /opt/devkitpro/libctru/lib/libctru.a(mem_pool.o)
                0x0000000000106058                MemPool::Allocate(MemChunk&, unsigned long, int)
 .text._ZN7MemPool10DeallocateERK8MemChunk
                0x00000000001061c4       0xfc /opt/devkitpro/libctru/lib/libctru.a(mem_pool.o)
                0x00000000001061c4                MemPool::Deallocate(MemChunk const&)
 .text._ZN7MemPool12GetFreeSpaceEv
                0x00000000001062c0       0x30 /opt/devkitpro/libctru/lib/libctru.a(mem_pool.o)
                0x00000000001062c0                MemPool::GetFreeSpace()
 .text.osConvertVirtToPhys
                0x00000000001062f0       0x74 /opt/devkitpro/libctru/lib/libctru.a(os.o)
                0x00000000001062f0                osConvertVirtToPhys
 *fill*         0x0000000000106364        0x4 
 .text.osTickCounterRead
                0x0000000000106368       0x38 /opt/devkitpro/libctru/lib/libctru.a(os.o)
                0x0000000000106368                osTickCounterRead
 .text.__ctru_speedup_config
                0x00000000001063a0       0x34 /opt/devkitpro/libctru/lib/libctru.a(os.o)
                0x00000000001063a0                __ctru_speedup_config
 .text.parseColor
                0x00000000001063d4      0x1e8 /opt/devkitpro/libctru/lib/libctru.a(console.o)
 .text.consoleDrawChar
                0x00000000001065bc      0x1ac /opt/devkitpro/libctru/lib/libctru.a(console.o)
                0x00000000001065bc                consoleDrawChar
 .text.consolePrintChar
                0x0000000000106768      0x124 /opt/devkitpro/libctru/lib/libctru.a(console.o)
                0x0000000000106768                consolePrintChar
 .text.con_write
                0x000000000010688c      0xb94 /opt/devkitpro/libctru/lib/libctru.a(console.o)
                0x000000000010688c                con_write
 .text.newRow   0x0000000000107420       0xfc /opt/devkitpro/libctru/lib/libctru.a(console.o)
 .text.consoleInit
                0x000000000010751c      0x168 /opt/devkitpro/libctru/lib/libctru.a(console.o)
                0x000000000010751c                consoleInit
 .text.gfxPresentFramebuffer
                0x0000000000107684       0xd0 /opt/devkitpro/libctru/lib/libctru.a(gfx.o)
 .text.gfxSet3D
                0x0000000000107754       0x10 /opt/devkitpro/libctru/lib/libctru.a(gfx.o)
                0x0000000000107754                gfxSet3D
 .text.gfxIs3D  0x0000000000107764       0x1c /opt/devkitpro/libctru/lib/libctru.a(gfx.o)
                0x0000000000107764                gfxIs3D
 .text.gfxIsWide
                0x0000000000107780       0x1c /opt/devkitpro/libctru/lib/libctru.a(gfx.o)
                0x0000000000107780                gfxIsWide
 .text.gfxSetScreenFormat
                0x000000000010779c       0xec /opt/devkitpro/libctru/lib/libctru.a(gfx.o)
                0x000000000010779c                gfxSetScreenFormat
 .text.gfxSetDoubleBuffering
                0x0000000000107888       0x10 /opt/devkitpro/libctru/lib/libctru.a(gfx.o)
                0x0000000000107888                gfxSetDoubleBuffering
 .text.gfxInit  0x0000000000107898       0xe0 /opt/devkitpro/libctru/lib/libctru.a(gfx.o)
                0x0000000000107898                gfxInit
 .text.gfxInitDefault
                0x0000000000107978       0x10 /opt/devkitpro/libctru/lib/libctru.a(gfx.o)
                0x0000000000107978                gfxInitDefault
 .text.gfxExit  0x0000000000107988       0xb4 /opt/devkitpro/libctru/lib/libctru.a(gfx.o)
                0x0000000000107988                gfxExit
 .text.gfxGetFramebuffer
                0x0000000000107a3c       0xa0 /opt/devkitpro/libctru/lib/libctru.a(gfx.o)
                0x0000000000107a3c                gfxGetFramebuffer
 .text.gfxFlushBuffers
                0x0000000000107adc      0x104 /opt/devkitpro/libctru/lib/libctru.a(gfx.o)
                0x0000000000107adc                gfxFlushBuffers
 .text.gfxScreenSwapBuffers
                0x0000000000107be0       0x30 /opt/devkitpro/libctru/lib/libctru.a(gfx.o)
                0x0000000000107be0                gfxScreenSwapBuffers
 .text.gfxSwapBuffersGpu
                0x0000000000107c10       0x50 /opt/devkitpro/libctru/lib/libctru.a(gfx.o)
                0x0000000000107c10                gfxSwapBuffersGpu
 .text.shaderInstanceInit
                0x0000000000107c60      0x1d4 /opt/devkitpro/libctru/lib/libctru.a(shaderProgram.o)
                0x0000000000107c60                shaderInstanceInit
 .text.shaderInstanceGetUniformLocation
                0x0000000000107e34       0x18 /opt/devkitpro/libctru/lib/libctru.a(shaderProgram.o)
                0x0000000000107e34                shaderInstanceGetUniformLocation
 .text.shaderProgramInit
                0x0000000000107e4c       0x1c /opt/devkitpro/libctru/lib/libctru.a(shaderProgram.o)
                0x0000000000107e4c                shaderProgramInit
 .text.shaderProgramFree
                0x0000000000107e68       0x64 /opt/devkitpro/libctru/lib/libctru.a(shaderProgram.o)
                0x0000000000107e68                shaderProgramFree
 .text.shaderProgramSetVsh
                0x0000000000107ecc       0x80 /opt/devkitpro/libctru/lib/libctru.a(shaderProgram.o)
                0x0000000000107ecc                shaderProgramSetVsh
 .text.shaderProgramConfigure
                0x0000000000107f4c      0x8e0 /opt/devkitpro/libctru/lib/libctru.a(shaderProgram.o)
                0x0000000000107f4c                shaderProgramConfigure
 .text.DVLE_GenerateOutmap.part.0
                0x000000000010882c      0x1cc /opt/devkitpro/libctru/lib/libctru.a(shbin.o)
 .text.DVLB_ParseFile
                0x00000000001089f8      0x1b4 /opt/devkitpro/libctru/lib/libctru.a(shbin.o)
                0x00000000001089f8                DVLB_ParseFile
 .text.DVLB_Free
                0x0000000000108bac       0x38 /opt/devkitpro/libctru/lib/libctru.a(shbin.o)
                0x0000000000108bac                DVLB_Free
 .text.DVLE_GetUniformRegister
                0x0000000000108be4       0x74 /opt/devkitpro/libctru/lib/libctru.a(shbin.o)
                0x0000000000108be4                DVLE_GetUniformRegister
 .text.GX_BindQueue
                0x0000000000108c58       0x10 /opt/devkitpro/libctru/lib/libctru.a(gx.o)
                0x0000000000108c58                GX_BindQueue
 .text.GX_ProcessCommandList
                0x0000000000108c68       0x78 /opt/devkitpro/libctru/lib/libctru.a(gx.o)
                0x0000000000108c68                GX_ProcessCommandList
 .text.GX_MemoryFill
                0x0000000000108ce0       0x74 /opt/devkitpro/libctru/lib/libctru.a(gx.o)
                0x0000000000108ce0                GX_MemoryFill
 .text.GX_DisplayTransfer
                0x0000000000108d54       0x70 /opt/devkitpro/libctru/lib/libctru.a(gx.o)
                0x0000000000108d54                GX_DisplayTransfer
 .text.gxCmdQueueDoCommands.part.0
                0x0000000000108dc4       0x68 /opt/devkitpro/libctru/lib/libctru.a(gxqueue.o)
 .text.gxCmdQueueInterrupt
                0x0000000000108e2c       0xc8 /opt/devkitpro/libctru/lib/libctru.a(gxqueue.o)
                0x0000000000108e2c                gxCmdQueueInterrupt
 .text.gxCmdQueueClear
                0x0000000000108ef4       0x4c /opt/devkitpro/libctru/lib/libctru.a(gxqueue.o)
                0x0000000000108ef4                gxCmdQueueClear
 .text.gxCmdQueueAdd
                0x0000000000108f40       0xf8 /opt/devkitpro/libctru/lib/libctru.a(gxqueue.o)
                0x0000000000108f40                gxCmdQueueAdd
 .text.gxCmdQueueRun
                0x0000000000109038       0x80 /opt/devkitpro/libctru/lib/libctru.a(gxqueue.o)
                0x0000000000109038                gxCmdQueueRun
 .text.gxCmdQueueStop
                0x00000000001090b8       0x60 /opt/devkitpro/libctru/lib/libctru.a(gxqueue.o)
                0x00000000001090b8                gxCmdQueueStop
 .text.gxCmdQueueWait
                0x0000000000109118       0x74 /opt/devkitpro/libctru/lib/libctru.a(gxqueue.o)
                0x0000000000109118                gxCmdQueueWait
 .text.GPUCMD_Add
                0x000000000010918c      0x13c /opt/devkitpro/libctru/lib/libctru.a(gpu.o)
                0x000000000010918c                GPUCMD_Add
 .text.GPUCMD_Split
                0x00000000001092c8       0xb0 /opt/devkitpro/libctru/lib/libctru.a(gpu.o)
                0x00000000001092c8                GPUCMD_Split
 .text.f32tof16
                0x0000000000109378       0x34 /opt/devkitpro/libctru/lib/libctru.a(gpu.o)
                0x0000000000109378                f32tof16
 .text.f32tof24
                0x00000000001093ac       0x34 /opt/devkitpro/libctru/lib/libctru.a(gpu.o)
                0x00000000001093ac                f32tof24
 .text.f32tof31
                0x00000000001093e0       0x38 /opt/devkitpro/libctru/lib/libctru.a(gpu.o)
                0x00000000001093e0                f32tof31
 .text.gspHardwareInit
                0x0000000000109418      0xc58 /opt/devkitpro/libctru/lib/libctru.a(gspgpu.o)
 .text.gspInit  0x000000000010a070      0x248 /opt/devkitpro/libctru/lib/libctru.a(gspgpu.o)
                0x000000000010a070                gspInit
 .text.gspExit  0x000000000010a2b8       0xf0 /opt/devkitpro/libctru/lib/libctru.a(gspgpu.o)
                0x000000000010a2b8                gspExit
 .text.gspHasGpuRight
                0x000000000010a3a8       0x10 /opt/devkitpro/libctru/lib/libctru.a(gspgpu.o)
                0x000000000010a3a8                gspHasGpuRight
 .text.gspPresentBuffer
                0x000000000010a3b8       0xa0 /opt/devkitpro/libctru/lib/libctru.a(gspgpu.o)
                0x000000000010a3b8                gspPresentBuffer
 .text.gspSetEventCallback
                0x000000000010a458       0x30 /opt/devkitpro/libctru/lib/libctru.a(gspgpu.o)
                0x000000000010a458                gspSetEventCallback
 .text.gspWaitForEvent
                0x000000000010a488       0x44 /opt/devkitpro/libctru/lib/libctru.a(gspgpu.o)
                0x000000000010a488                gspWaitForEvent
 .text.gspWaitForAnyEvent
                0x000000000010a4cc       0x4c /opt/devkitpro/libctru/lib/libctru.a(gspgpu.o)
                0x000000000010a4cc                gspWaitForAnyEvent
 .text.gspEventThreadMain
                0x000000000010a518      0x158 /opt/devkitpro/libctru/lib/libctru.a(gspgpu.o)
 .text.gspSubmitGxCommand
                0x000000000010a670      0x130 /opt/devkitpro/libctru/lib/libctru.a(gspgpu.o)
                0x000000000010a670                gspSubmitGxCommand
 .text.GSPGPU_FlushDataCache
                0x000000000010a7a0       0x50 /opt/devkitpro/libctru/lib/libctru.a(gspgpu.o)
                0x000000000010a7a0                GSPGPU_FlushDataCache
 .text.GSPGPU_SetLcdForceBlack
                0x000000000010a7f0       0x34 /opt/devkitpro/libctru/lib/libctru.a(gspgpu.o)
                0x000000000010a7f0                GSPGPU_SetLcdForceBlack
 .text.GSPGPU_AcquireRight
                0x000000000010a824       0x68 /opt/devkitpro/libctru/lib/libctru.a(gspgpu.o)
                0x000000000010a824                GSPGPU_AcquireRight
 .text.GSPGPU_ReleaseRight
                0x000000000010a88c       0x48 /opt/devkitpro/libctru/lib/libctru.a(gspgpu.o)
                0x000000000010a88c                GSPGPU_ReleaseRight
 .text.GSPGPU_ImportDisplayCaptureInfo
                0x000000000010a8d4       0x7c /opt/devkitpro/libctru/lib/libctru.a(gspgpu.o)
                0x000000000010a8d4                GSPGPU_ImportDisplayCaptureInfo
 .text.GSPGPU_SaveVramSysArea
                0x000000000010a950       0x2c /opt/devkitpro/libctru/lib/libctru.a(gspgpu.o)
                0x000000000010a950                GSPGPU_SaveVramSysArea
 .text.GSPGPU_RestoreVramSysArea
                0x000000000010a97c       0x2c /opt/devkitpro/libctru/lib/libctru.a(gspgpu.o)
                0x000000000010a97c                GSPGPU_RestoreVramSysArea
 .text.aptConvertScreenForCapture
                0x000000000010a9a8      0x1a4 /opt/devkitpro/libctru/lib/libctru.a(apt.o)
 .text.aptDspSleep
                0x000000000010ab4c        0x8 /opt/devkitpro/libctru/lib/libctru.a(apt.o)
                0x000000000010ab4c                aptDspSleep
 .text.aptDspWakeup
                0x000000000010ab54        0x4 /opt/devkitpro/libctru/lib/libctru.a(apt.o)
                0x000000000010ab54                aptDspWakeup
 .text.aptDspCancel
                0x000000000010ab58        0x4 /opt/devkitpro/libctru/lib/libctru.a(apt.o)
                0x000000000010ab58                aptDspCancel
 .text.aptSendCommand
                0x000000000010ab5c      0x158 /opt/devkitpro/libctru/lib/libctru.a(apt.o)
                0x000000000010ab5c                aptSendCommand
 *fill*         0x000000000010acb4        0x4 
 .text.aptExitProcess
                0x000000000010acb8       0x44 /opt/devkitpro/libctru/lib/libctru.a(apt.o)
 .text.aptExit  0x000000000010acfc      0x2f4 /opt/devkitpro/libctru/lib/libctru.a(apt.o)
                0x000000000010acfc                aptExit
 .text.aptHandleSleep
                0x000000000010aff0       0xe0 /opt/devkitpro/libctru/lib/libctru.a(apt.o)
                0x000000000010aff0                aptHandleSleep
 .text.aptHook  0x000000000010b0d0       0x30 /opt/devkitpro/libctru/lib/libctru.a(apt.o)
                0x000000000010b0d0                aptHook
 .text.aptUnhook
                0x000000000010b100       0x30 /opt/devkitpro/libctru/lib/libctru.a(apt.o)
                0x000000000010b100                aptUnhook
 .text.APT_SleepIfShellClosed
                0x000000000010b130       0x84 /opt/devkitpro/libctru/lib/libctru.a(apt.o)
                0x000000000010b130                APT_SleepIfShellClosed
 .text.aptSetSleepAllowed
                0x000000000010b1b4       0x84 /opt/devkitpro/libctru/lib/libctru.a(apt.o)
                0x000000000010b1b4                aptSetSleepAllowed
 .text.APT_UnlockTransition
                0x000000000010b238       0x84 /opt/devkitpro/libctru/lib/libctru.a(apt.o)
                0x000000000010b238                APT_UnlockTransition
 *fill*         0x000000000010b2bc        0x4 
 .text.aptEventHandler
                0x000000000010b2c0      0x4a4 /opt/devkitpro/libctru/lib/libctru.a(apt.o)
 .text.APT_ReceiveParameter
                0x000000000010b764       0xb0 /opt/devkitpro/libctru/lib/libctru.a(apt.o)
                0x000000000010b764                APT_ReceiveParameter
 .text.aptReceiveParameter.constprop.0
                0x000000000010b814       0xb0 /opt/devkitpro/libctru/lib/libctru.a(apt.o)
 *fill*         0x000000000010b8c4        0x4 
 .text.aptScreenTransfer
                0x000000000010b8c8      0x2ac /opt/devkitpro/libctru/lib/libctru.a(apt.o)
 .text.aptWaitForWakeUp.isra.0
                0x000000000010bb74      0x344 /opt/devkitpro/libctru/lib/libctru.a(apt.o)
 .text.aptJumpToHomeMenu
                0x000000000010beb8      0x100 /opt/devkitpro/libctru/lib/libctru.a(apt.o)
                0x000000000010beb8                aptJumpToHomeMenu
 .text.aptMainLoop
                0x000000000010bfb8       0x48 /opt/devkitpro/libctru/lib/libctru.a(apt.o)
                0x000000000010bfb8                aptMainLoop
 .text.aptInit  0x000000000010c000      0x22c /opt/devkitpro/libctru/lib/libctru.a(apt.o)
                0x000000000010c000                aptInit
 .text.APT_CheckNew3DS
                0x000000000010c22c       0x7c /opt/devkitpro/libctru/lib/libctru.a(apt.o)
                0x000000000010c22c                APT_CheckNew3DS
 .text.hidShouldUseIrrst
                0x000000000010c2a8       0x24 /opt/devkitpro/libctru/lib/libctru.a(hid.o)
                0x000000000010c2a8                hidShouldUseIrrst
 .text.hidInit  0x000000000010c2cc      0x18c /opt/devkitpro/libctru/lib/libctru.a(hid.o)
                0x000000000010c2cc                hidInit
 .text.hidExit  0x000000000010c458       0xe8 /opt/devkitpro/libctru/lib/libctru.a(hid.o)
                0x000000000010c458                hidExit
 .text.hidScanInput
                0x000000000010c540      0x2a4 /opt/devkitpro/libctru/lib/libctru.a(hid.o)
                0x000000000010c540                hidScanInput
 .text.hidKeysHeld
                0x000000000010c7e4       0x10 /opt/devkitpro/libctru/lib/libctru.a(hid.o)
                0x000000000010c7e4                hidKeysHeld
 .text.hidKeysDown
                0x000000000010c7f4       0x10 /opt/devkitpro/libctru/lib/libctru.a(hid.o)
                0x000000000010c7f4                hidKeysDown
 .text.hidCircleRead
                0x000000000010c804       0x18 /opt/devkitpro/libctru/lib/libctru.a(hid.o)
                0x000000000010c804                hidCircleRead
 .text.ptmSysmInit
                0x000000000010c81c       0x74 /opt/devkitpro/libctru/lib/libctru.a(ptmsysm.o)
                0x000000000010c81c                ptmSysmInit
 .text.ptmSysmExit
                0x000000000010c890       0x3c /opt/devkitpro/libctru/lib/libctru.a(ptmsysm.o)
                0x000000000010c890                ptmSysmExit
 .text.PTMSYSM_ConfigureNew3DSCPU
                0x000000000010c8cc       0x34 /opt/devkitpro/libctru/lib/libctru.a(ptmsysm.o)
                0x000000000010c8cc                PTMSYSM_ConfigureNew3DSCPU
 .text.rbtree_init
                0x000000000010c900       0x10 /opt/devkitpro/libctru/lib/libctru.a(rbtree_init.o)
                0x000000000010c900                rbtree_init
 .text.do_insert
                0x000000000010c910      0x1b4 /opt/devkitpro/libctru/lib/libctru.a(rbtree_insert.o)
 .text.rbtree_insert
                0x000000000010cac4        0x8 /opt/devkitpro/libctru/lib/libctru.a(rbtree_insert.o)
                0x000000000010cac4                rbtree_insert
 .text.rbtree_rotate
                0x000000000010cacc       0x90 /opt/devkitpro/libctru/lib/libctru.a(rbtree_rotate.o)
                0x000000000010cacc                rbtree_rotate
 .text.rbtree_remove
                0x000000000010cb5c      0x318 /opt/devkitpro/libctru/lib/libctru.a(rbtree_remove.o)
                0x000000000010cb5c                rbtree_remove
 .text.rbtree_find
                0x000000000010ce74       0x74 /opt/devkitpro/libctru/lib/libctru.a(rbtree_find.o)
                0x000000000010ce74                rbtree_find
 .text.__system_allocateHeaps
                0x000000000010cee8      0x1e0 /opt/devkitpro/libctru/lib/libctru.a(allocateHeaps.o)
                0x000000000010cee8                __system_allocateHeaps
 .text.__libctru_init
                0x000000000010d0c8       0x38 /opt/devkitpro/libctru/lib/libctru.a(ctru_init.o)
                0x000000000010d0c8                __libctru_init
 .text.__system_initArgv
                0x000000000010d100      0x170 /opt/devkitpro/libctru/lib/libctru.a(initArgv.o)
                0x000000000010d100                __system_initArgv
 .text.svcControlMemory
                0x000000000010d270       0x20 /opt/devkitpro/libctru/lib/libctru.a(svc.o)
                0x000000000010d270                svcControlMemory
 .text.svcQueryMemory
                0x000000000010d290       0x30 /opt/devkitpro/libctru/lib/libctru.a(svc.o)
                0x000000000010d290                svcQueryMemory
 .text.svcExitProcess
                0x000000000010d2c0        0x8 /opt/devkitpro/libctru/lib/libctru.a(svc.o)
                0x000000000010d2c0                svcExitProcess
 .text.svcCreateThread
                0x000000000010d2c8       0x20 /opt/devkitpro/libctru/lib/libctru.a(svc.o)
                0x000000000010d2c8                svcCreateThread
 .text.svcExitThread
                0x000000000010d2e8        0x8 /opt/devkitpro/libctru/lib/libctru.a(svc.o)
                0x000000000010d2e8                svcExitThread
 .text.svcSleepThread
                0x000000000010d2f0        0x8 /opt/devkitpro/libctru/lib/libctru.a(svc.o)
                0x000000000010d2f0                svcSleepThread
 .text.svcReleaseMutex
                0x000000000010d2f8        0x8 /opt/devkitpro/libctru/lib/libctru.a(svc.o)
                0x000000000010d2f8                svcReleaseMutex
 .text.svcCreateEvent
                0x000000000010d300       0x14 /opt/devkitpro/libctru/lib/libctru.a(svc.o)
                0x000000000010d300                svcCreateEvent
 .text.svcSignalEvent
                0x000000000010d314        0x8 /opt/devkitpro/libctru/lib/libctru.a(svc.o)
                0x000000000010d314                svcSignalEvent
 .text.svcClearEvent
                0x000000000010d31c        0x8 /opt/devkitpro/libctru/lib/libctru.a(svc.o)
                0x000000000010d31c                svcClearEvent
 .text.svcMapMemoryBlock
                0x000000000010d324        0x8 /opt/devkitpro/libctru/lib/libctru.a(svc.o)
                0x000000000010d324                svcMapMemoryBlock
 .text.svcUnmapMemoryBlock
                0x000000000010d32c        0x8 /opt/devkitpro/libctru/lib/libctru.a(svc.o)
                0x000000000010d32c                svcUnmapMemoryBlock
 .text.svcCreateAddressArbiter
                0x000000000010d334       0x14 /opt/devkitpro/libctru/lib/libctru.a(svc.o)
                0x000000000010d334                svcCreateAddressArbiter
 .text.svcArbitrateAddressNoTimeout
                0x000000000010d348        0x8 /opt/devkitpro/libctru/lib/libctru.a(svc.o)
                0x000000000010d348                svcArbitrateAddressNoTimeout
 .text.svcCloseHandle
                0x000000000010d350        0x8 /opt/devkitpro/libctru/lib/libctru.a(svc.o)
                0x000000000010d350                svcCloseHandle
 .text.svcWaitSynchronization
                0x000000000010d358        0x8 /opt/devkitpro/libctru/lib/libctru.a(svc.o)
                0x000000000010d358                svcWaitSynchronization
 .text.svcWaitSynchronizationN
                0x000000000010d360       0x28 /opt/devkitpro/libctru/lib/libctru.a(svc.o)
                0x000000000010d360                svcWaitSynchronizationN
 .text.svcDuplicateHandle
                0x000000000010d388       0x14 /opt/devkitpro/libctru/lib/libctru.a(svc.o)
                0x000000000010d388                svcDuplicateHandle
 .text.svcGetSystemTick
                0x000000000010d39c        0x8 /opt/devkitpro/libctru/lib/libctru.a(svc.o)
                0x000000000010d39c                svcGetSystemTick
 .text.svcConnectToPort
                0x000000000010d3a4       0x14 /opt/devkitpro/libctru/lib/libctru.a(svc.o)
                0x000000000010d3a4                svcConnectToPort
 .text.svcSendSyncRequest
                0x000000000010d3b8        0x8 /opt/devkitpro/libctru/lib/libctru.a(svc.o)
                0x000000000010d3b8                svcSendSyncRequest
 .text.svcGetResourceLimit
                0x000000000010d3c0       0x14 /opt/devkitpro/libctru/lib/libctru.a(svc.o)
                0x000000000010d3c0                svcGetResourceLimit
 .text.svcGetResourceLimitLimitValues
                0x000000000010d3d4        0x8 /opt/devkitpro/libctru/lib/libctru.a(svc.o)
                0x000000000010d3d4                svcGetResourceLimitLimitValues
 .text.svcGetResourceLimitCurrentValues
                0x000000000010d3dc        0x8 /opt/devkitpro/libctru/lib/libctru.a(svc.o)
                0x000000000010d3dc                svcGetResourceLimitCurrentValues
 .text.svcBreak
                0x000000000010d3e4        0x8 /opt/devkitpro/libctru/lib/libctru.a(svc.o)
                0x000000000010d3e4                svcBreak
 .text.initSystem
                0x000000000010d3ec       0x50 /opt/devkitpro/libctru/lib/libctru.a(stack_adjust.o)
                0x000000000010d3ec                initSystem
 .text.__ctru_exit
                0x000000000010d43c       0x18 /opt/devkitpro/libctru/lib/libctru.a(stack_adjust.o)
                0x000000000010d43c                __ctru_exit
 .text.__sync_init
                0x000000000010d454        0xc /opt/devkitpro/libctru/lib/libctru.a(synchronization.o)
                0x000000000010d454                __sync_init
 .text.__sync_fini
                0x000000000010d460       0x18 /opt/devkitpro/libctru/lib/libctru.a(synchronization.o)
                0x000000000010d460                __sync_fini
 .text.syncArbitrateAddress
                0x000000000010d478       0x2c /opt/devkitpro/libctru/lib/libctru.a(synchronization.o)
                0x000000000010d478                syncArbitrateAddress
 .text.LightLock_Lock
                0x000000000010d4a4       0xb0 /opt/devkitpro/libctru/lib/libctru.a(synchronization.o)
                0x000000000010d4a4                LightLock_Lock
 .text.LightLock_Unlock
                0x000000000010d554       0x40 /opt/devkitpro/libctru/lib/libctru.a(synchronization.o)
                0x000000000010d554                LightLock_Unlock
 .text.RecursiveLock_Init
                0x000000000010d594       0x24 /opt/devkitpro/libctru/lib/libctru.a(synchronization.o)
                0x000000000010d594                RecursiveLock_Init
 .text.RecursiveLock_Lock
                0x000000000010d5b8       0x30 /opt/devkitpro/libctru/lib/libctru.a(synchronization.o)
                0x000000000010d5b8                RecursiveLock_Lock
 .text.RecursiveLock_Unlock
                0x000000000010d5e8       0x54 /opt/devkitpro/libctru/lib/libctru.a(synchronization.o)
                0x000000000010d5e8                RecursiveLock_Unlock
 .text.LightEvent_Init
                0x000000000010d63c       0x40 /opt/devkitpro/libctru/lib/libctru.a(synchronization.o)
                0x000000000010d63c                LightEvent_Init
 .text.LightEvent_Clear
                0x000000000010d67c       0xa4 /opt/devkitpro/libctru/lib/libctru.a(synchronization.o)
                0x000000000010d67c                LightEvent_Clear
 .text.LightEvent_Signal
                0x000000000010d720       0xc8 /opt/devkitpro/libctru/lib/libctru.a(synchronization.o)
                0x000000000010d720                LightEvent_Signal
 .text.LightEvent_TryWait
                0x000000000010d7e8       0x50 /opt/devkitpro/libctru/lib/libctru.a(synchronization.o)
                0x000000000010d7e8                LightEvent_TryWait
 .text.LightEvent_Wait
                0x000000000010d838       0xb0 /opt/devkitpro/libctru/lib/libctru.a(synchronization.o)
                0x000000000010d838                LightEvent_Wait
 .text.srvInit  0x000000000010d8e8      0x130 /opt/devkitpro/libctru/lib/libctru.a(srv.o)
                0x000000000010d8e8                srvInit
 .text.srvExit  0x000000000010da18       0x58 /opt/devkitpro/libctru/lib/libctru.a(srv.o)
                0x000000000010da18                srvExit
 .text.srvGetServiceHandleDirect
                0x000000000010da70       0xa0 /opt/devkitpro/libctru/lib/libctru.a(srv.o)
                0x000000000010da70                srvGetServiceHandleDirect
 .text.srvGetServiceHandle
                0x000000000010db10       0x38 /opt/devkitpro/libctru/lib/libctru.a(srv.o)
                0x000000000010db10                srvGetServiceHandle
 .text.srvPublishToSubscriber
                0x000000000010db48       0x38 /opt/devkitpro/libctru/lib/libctru.a(srv.o)
                0x000000000010db48                srvPublishToSubscriber
 .text.threadCreate
                0x000000000010db80      0x178 /opt/devkitpro/libctru/lib/libctru.a(thread.o)
                0x000000000010db80                threadCreate
 .text.threadFree
                0x000000000010dcf8       0x2c /opt/devkitpro/libctru/lib/libctru.a(thread.o)
                0x000000000010dcf8                threadFree
 .text.threadJoin
                0x000000000010dd24       0x24 /opt/devkitpro/libctru/lib/libctru.a(thread.o)
                0x000000000010dd24                threadJoin
 .text.threadGetCurrent
                0x000000000010dd48       0x30 /opt/devkitpro/libctru/lib/libctru.a(thread.o)
                0x000000000010dd48                threadGetCurrent
 .text.threadExit
                0x000000000010dd78       0x40 /opt/devkitpro/libctru/lib/libctru.a(thread.o)
                0x000000000010dd78                threadExit
 .text._thread_begin
                0x000000000010ddb8       0x20 /opt/devkitpro/libctru/lib/libctru.a(thread.o)
 .text.mappableFindAddressWithin
                0x000000000010ddd8       0xb4 /opt/devkitpro/libctru/lib/libctru.a(mappable.o)
 .text.mappableInit
                0x000000000010de8c       0x28 /opt/devkitpro/libctru/lib/libctru.a(mappable.o)
                0x000000000010de8c                mappableInit
 .text.mappableAlloc
                0x000000000010deb4       0x80 /opt/devkitpro/libctru/lib/libctru.a(mappable.o)
                0x000000000010deb4                mappableAlloc
 .text.mappableFree
                0x000000000010df34        0x4 /opt/devkitpro/libctru/lib/libctru.a(mappable.o)
                0x000000000010df34                mappableFree
 .text.irrstInit
                0x000000000010df38      0x164 /opt/devkitpro/libctru/lib/libctru.a(irrst.o)
                0x000000000010df38                irrstInit
 .text.irrstExit
                0x000000000010e09c       0xcc /opt/devkitpro/libctru/lib/libctru.a(irrst.o)
                0x000000000010e09c                irrstExit
 .text.irrstScanInput
                0x000000000010e168       0xb4 /opt/devkitpro/libctru/lib/libctru.a(irrst.o)
                0x000000000010e168                irrstScanInput
 .text.irrstKeysHeld
                0x000000000010e21c       0x24 /opt/devkitpro/libctru/lib/libctru.a(irrst.o)
                0x000000000010e21c                irrstKeysHeld
 .text.srvPmGetSessionHandle
                0x000000000010e240        0xc /opt/devkitpro/libctru/lib/libctru.a(srvpm.o)
                0x000000000010e240                srvPmGetSessionHandle
 .text.rbtree_node_next
                0x000000000010e24c       0x5c /opt/devkitpro/libctru/lib/libctru.a(rbtree_iterator.o)
                0x000000000010e24c                rbtree_node_next
 .text.__appInit
                0x000000000010e2a8       0x30 /opt/devkitpro/libctru/lib/libctru.a(appInit.o)
                0x000000000010e2a8                __appInit
 .text.__syscall_getreent
                0x000000000010e2d8       0x30 /opt/devkitpro/libctru/lib/libctru.a(syscalls.o)
                0x000000000010e2d8                __syscall_getreent
 .text.__syscall_lock_acquire
                0x000000000010e308        0x4 /opt/devkitpro/libctru/lib/libctru.a(syscalls.o)
                0x000000000010e308                __syscall_lock_acquire
 .text.__syscall_lock_release
                0x000000000010e30c        0x4 /opt/devkitpro/libctru/lib/libctru.a(syscalls.o)
                0x000000000010e30c                __syscall_lock_release
 .text.__syscall_lock_init_recursive
                0x000000000010e310        0x4 /opt/devkitpro/libctru/lib/libctru.a(syscalls.o)
                0x000000000010e310                __syscall_lock_init_recursive
 .text.__syscall_lock_acquire_recursive
                0x000000000010e314        0x4 /opt/devkitpro/libctru/lib/libctru.a(syscalls.o)
                0x000000000010e314                __syscall_lock_acquire_recursive
 .text.__syscall_lock_release_recursive
                0x000000000010e318        0x4 /opt/devkitpro/libctru/lib/libctru.a(syscalls.o)
                0x000000000010e318                __syscall_lock_release_recursive
 .text.__syscall_exit
                0x000000000010e31c        0x4 /opt/devkitpro/libctru/lib/libctru.a(syscalls.o)
                0x000000000010e31c                __syscall_exit
 .text.initThreadVars
                0x000000000010e320       0x50 /opt/devkitpro/libctru/lib/libctru.a(syscalls.o)
                0x000000000010e320                initThreadVars
 .text.__system_initSyscalls
                0x000000000010e370       0x68 /opt/devkitpro/libctru/lib/libctru.a(syscalls.o)
                0x000000000010e370                __system_initSyscalls
 .text.__appExit
                0x000000000010e3d8       0x30 /opt/devkitpro/libctru/lib/libctru.a(appExit.o)
                0x000000000010e3d8                __appExit
 .text.__libctru_exit
                0x000000000010e408       0x90 /opt/devkitpro/libctru/lib/libctru.a(ctru_exit.o)
                0x000000000010e408                __libctru_exit
 .text.envGetHandle
                0x000000000010e498       0x84 /opt/devkitpro/libctru/lib/libctru.a(env.o)
                0x000000000010e498                envGetHandle
 .text.envDestroyHandles
                0x000000000010e51c       0x50 /opt/devkitpro/libctru/lib/libctru.a(env.o)
                0x000000000010e51c                envDestroyHandles
 .text.archive_link
                0x000000000010e56c       0x14 /opt/devkitpro/libctru/lib/libctru.a(archive_dev.o)
 .text.archive_dirreset
                0x000000000010e580       0x14 /opt/devkitpro/libctru/lib/libctru.a(archive_dev.o)
 .text.archive_chmod
                0x000000000010e594       0x14 /opt/devkitpro/libctru/lib/libctru.a(archive_dev.o)
 .text.error_cmp
                0x000000000010e5a8       0x24 /opt/devkitpro/libctru/lib/libctru.a(archive_dev.o)
 .text.archive_translate_error
                0x000000000010e5cc       0x50 /opt/devkitpro/libctru/lib/libctru.a(archive_dev.o)
 .text.archive_seek
                0x000000000010e61c       0xc8 /opt/devkitpro/libctru/lib/libctru.a(archive_dev.o)
 .text._archiveInit.part.0
                0x000000000010e6e4       0x7c /opt/devkitpro/libctru/lib/libctru.a(archive_dev.o)
 .text.archiveFindDevice.part.0
                0x000000000010e760       0xc4 /opt/devkitpro/libctru/lib/libctru.a(archive_dev.o)
 .text.archive_utf16path
                0x000000000010e824      0x25c /opt/devkitpro/libctru/lib/libctru.a(archive_dev.o)
 .text._archiveUnmountDeviceStruct.part.0
                0x000000000010ea80       0xa0 /opt/devkitpro/libctru/lib/libctru.a(archive_dev.o)
 .text.archive_fchmod
                0x000000000010eb20       0x14 /opt/devkitpro/libctru/lib/libctru.a(archive_dev.o)
 .text.archive_statvfs
                0x000000000010eb34       0x14 /opt/devkitpro/libctru/lib/libctru.a(archive_dev.o)
 .text._archiveMountDevice
                0x000000000010eb48      0x164 /opt/devkitpro/libctru/lib/libctru.a(archive_dev.o)
 .text.archive_diropen
                0x000000000010ecac       0xe8 /opt/devkitpro/libctru/lib/libctru.a(archive_dev.o)
 .text.archive_fstat
                0x000000000010ed94       0xa4 /opt/devkitpro/libctru/lib/libctru.a(archive_dev.o)
 .text.archive_close
                0x000000000010ee38       0x6c /opt/devkitpro/libctru/lib/libctru.a(archive_dev.o)
 .text.archive_fsync
                0x000000000010eea4       0x6c /opt/devkitpro/libctru/lib/libctru.a(archive_dev.o)
 .text.archive_dirclose
                0x000000000010ef10       0x70 /opt/devkitpro/libctru/lib/libctru.a(archive_dev.o)
 .text.sdmc_statvfs
                0x000000000010ef80       0xe8 /opt/devkitpro/libctru/lib/libctru.a(archive_dev.o)
 .text.archive_chdir
                0x000000000010f068       0xec /opt/devkitpro/libctru/lib/libctru.a(archive_dev.o)
 .text.archive_ftruncate
                0x000000000010f154       0x7c /opt/devkitpro/libctru/lib/libctru.a(archive_dev.o)
 .text.archive_read
                0x000000000010f1d0       0xac /opt/devkitpro/libctru/lib/libctru.a(archive_dev.o)
 .text.archive_unlink
                0x000000000010f27c       0xa4 /opt/devkitpro/libctru/lib/libctru.a(archive_dev.o)
 .text.archive_rmdir
                0x000000000010f320       0xbc /opt/devkitpro/libctru/lib/libctru.a(archive_dev.o)
 .text.archive_mkdir
                0x000000000010f3dc       0xdc /opt/devkitpro/libctru/lib/libctru.a(archive_dev.o)
 .text.archive_stat
                0x000000000010f4b8      0x19c /opt/devkitpro/libctru/lib/libctru.a(archive_dev.o)
 .text.archive_dirnext
                0x000000000010f654      0x15c /opt/devkitpro/libctru/lib/libctru.a(archive_dev.o)
 .text.archive_write
                0x000000000010f7b0       0xec /opt/devkitpro/libctru/lib/libctru.a(archive_dev.o)
 .text.archive_open
                0x000000000010f89c      0x1d4 /opt/devkitpro/libctru/lib/libctru.a(archive_dev.o)
 .text.archive_rename
                0x000000000010fa70      0x278 /opt/devkitpro/libctru/lib/libctru.a(archive_dev.o)
 .text.archiveMountSdmc
                0x000000000010fce8      0x19c /opt/devkitpro/libctru/lib/libctru.a(archive_dev.o)
                0x000000000010fce8                archiveMountSdmc
 .text.archiveUnmountAll
                0x000000000010fe84       0x54 /opt/devkitpro/libctru/lib/libctru.a(archive_dev.o)
                0x000000000010fe84                archiveUnmountAll
 .text.fsInit   0x000000000010fed8       0xcc /opt/devkitpro/libctru/lib/libctru.a(fs.o)
                0x000000000010fed8                fsInit
 .text.fsExit   0x000000000010ffa4       0x3c /opt/devkitpro/libctru/lib/libctru.a(fs.o)
                0x000000000010ffa4                fsExit
 .text.fsExemptFromSession
                0x000000000010ffe0       0x60 /opt/devkitpro/libctru/lib/libctru.a(fs.o)
                0x000000000010ffe0                fsExemptFromSession
 .text.fsUnexemptFromSession
                0x0000000000110040       0x50 /opt/devkitpro/libctru/lib/libctru.a(fs.o)
                0x0000000000110040                fsUnexemptFromSession
 .text.FSUSER_OpenFile
                0x0000000000110090       0xcc /opt/devkitpro/libctru/lib/libctru.a(fs.o)
                0x0000000000110090                FSUSER_OpenFile
 .text.FSUSER_DeleteFile
                0x000000000011015c       0xbc /opt/devkitpro/libctru/lib/libctru.a(fs.o)
                0x000000000011015c                FSUSER_DeleteFile
 .text.FSUSER_RenameFile
                0x0000000000110218       0xf8 /opt/devkitpro/libctru/lib/libctru.a(fs.o)
                0x0000000000110218                FSUSER_RenameFile
 .text.FSUSER_DeleteDirectory
                0x0000000000110310       0xbc /opt/devkitpro/libctru/lib/libctru.a(fs.o)
                0x0000000000110310                FSUSER_DeleteDirectory
 .text.FSUSER_CreateFile
                0x00000000001103cc       0xd4 /opt/devkitpro/libctru/lib/libctru.a(fs.o)
                0x00000000001103cc                FSUSER_CreateFile
 .text.FSUSER_CreateDirectory
                0x00000000001104a0       0xc4 /opt/devkitpro/libctru/lib/libctru.a(fs.o)
                0x00000000001104a0                FSUSER_CreateDirectory
 .text.FSUSER_RenameDirectory
                0x0000000000110564       0xf8 /opt/devkitpro/libctru/lib/libctru.a(fs.o)
                0x0000000000110564                FSUSER_RenameDirectory
 .text.FSUSER_OpenDirectory
                0x000000000011065c       0xb4 /opt/devkitpro/libctru/lib/libctru.a(fs.o)
                0x000000000011065c                FSUSER_OpenDirectory
 .text.FSUSER_OpenArchive
                0x0000000000110710       0x98 /opt/devkitpro/libctru/lib/libctru.a(fs.o)
                0x0000000000110710                FSUSER_OpenArchive
 .text.FSUSER_CloseArchive
                0x00000000001107a8       0x8c /opt/devkitpro/libctru/lib/libctru.a(fs.o)
                0x00000000001107a8                FSUSER_CloseArchive
 .text.FSUSER_GetSdmcArchiveResource
                0x0000000000110834       0x74 /opt/devkitpro/libctru/lib/libctru.a(fs.o)
                0x0000000000110834                FSUSER_GetSdmcArchiveResource
 .text.FSUSER_IsSdmcWritable
                0x00000000001108a8       0x64 /opt/devkitpro/libctru/lib/libctru.a(fs.o)
                0x00000000001108a8                FSUSER_IsSdmcWritable
 .text.FSFILE_Read
                0x000000000011090c       0x58 /opt/devkitpro/libctru/lib/libctru.a(fs.o)
                0x000000000011090c                FSFILE_Read
 .text.FSFILE_Write
                0x0000000000110964       0x60 /opt/devkitpro/libctru/lib/libctru.a(fs.o)
                0x0000000000110964                FSFILE_Write
 .text.FSFILE_GetSize
                0x00000000001109c4       0x3c /opt/devkitpro/libctru/lib/libctru.a(fs.o)
                0x00000000001109c4                FSFILE_GetSize
 .text.FSFILE_SetSize
                0x0000000000110a00       0x28 /opt/devkitpro/libctru/lib/libctru.a(fs.o)
                0x0000000000110a00                FSFILE_SetSize
 .text.FSFILE_Close
                0x0000000000110a28       0x3c /opt/devkitpro/libctru/lib/libctru.a(fs.o)
                0x0000000000110a28                FSFILE_Close
 .text.FSFILE_Flush
                0x0000000000110a64       0x24 /opt/devkitpro/libctru/lib/libctru.a(fs.o)
                0x0000000000110a64                FSFILE_Flush
 .text.FSDIR_Read
                0x0000000000110a88       0x50 /opt/devkitpro/libctru/lib/libctru.a(fs.o)
                0x0000000000110a88                FSDIR_Read
 .text.FSDIR_Close
                0x0000000000110ad8       0x3c /opt/devkitpro/libctru/lib/libctru.a(fs.o)
                0x0000000000110ad8                FSDIR_Close
 .text.utf16_to_utf8
                0x0000000000110b14       0xe8 /opt/devkitpro/libctru/lib/libctru.a(utf16_to_utf8.o)
                0x0000000000110b14                utf16_to_utf8
 .text.decode_utf16
                0x0000000000110bfc       0x64 /opt/devkitpro/libctru/lib/libctru.a(decode_utf16.o)
                0x0000000000110bfc                decode_utf16
 .text.decode_utf8
                0x0000000000110c60      0x13c /opt/devkitpro/libctru/lib/libctru.a(decode_utf8.o)
                0x0000000000110c60                decode_utf8
 .text.utf8_to_utf16
                0x0000000000110d9c       0xc0 /opt/devkitpro/libctru/lib/libctru.a(utf8_to_utf16.o)
                0x0000000000110d9c                utf8_to_utf16
 .text.__aeabi_read_tp
                0x0000000000110e5c        0xc /opt/devkitpro/libctru/lib/libctru.a(readtp.o)
                0x0000000000110e5c                __aeabi_read_tp
 .text.encode_utf16
                0x0000000000110e68       0x54 /opt/devkitpro/libctru/lib/libctru.a(encode_utf16.o)
                0x0000000000110e68                encode_utf16
 .text.encode_utf8
                0x0000000000110ebc       0xe0 /opt/devkitpro/libctru/lib/libctru.a(encode_utf8.o)
                0x0000000000110ebc                encode_utf8
 *fill*         0x0000000000110f9c        0x4 
 .text.pow      0x0000000000110fa0      0x720 /opt/devkitpro/devkitARM/bin/../lib/gcc/arm-none-eabi/12.2.0/../../../../arm-none-eabi/lib/armv6k/fpu/libm.a(lib_a-pow.o)
                0x0000000000110fa0                pow
 .text.atan     0x00000000001116c0      0x284 /opt/devkitpro/devkitARM/bin/../lib/gcc/arm-none-eabi/12.2.0/../../../../arm-none-eabi/lib/armv6k/fpu/libm.a(lib_a-s_atan.o)
                0x00000000001116c0                atan
 *fill*         0x0000000000111944        0x4 
 .text.cos      0x0000000000111948       0xc0 /opt/devkitpro/devkitARM/bin/../lib/gcc/arm-none-eabi/12.2.0/../../../../arm-none-eabi/lib/armv6k/fpu/libm.a(lib_a-s_cos.o)
                0x0000000000111948                cos
 .text.fabs     0x0000000000111a08       0x14 /opt/devkitpro/devkitARM/bin/../lib/gcc/arm-none-eabi/12.2.0/../../../../arm-none-eabi/lib/armv6k/fpu/libm.a(lib_a-s_fabs.o)
                0x0000000000111a08                fabs
 *fill*         0x0000000000111a1c        0x4 
 .text.sin      0x0000000000111a20       0xc8 /opt/devkitpro/devkitARM/bin/../lib/gcc/arm-none-eabi/12.2.0/../../../../arm-none-eabi/lib/armv6k/fpu/libm.a(lib_a-s_sin.o)
                0x0000000000111a20                sin
 .text.atan2    0x0000000000111ae8        0x4 /opt/devkitpro/devkitARM/bin/../lib/gcc/arm-none-eabi/12.2.0/../../../../arm-none-eabi/lib/armv6k/fpu/libm.a(lib_a-w_atan2.o)
                0x0000000000111ae8                atan2
 .text.sqrtf    0x0000000000111aec       0x50 /opt/devkitpro/devkitARM/bin/../lib/gcc/arm-none-eabi/12.2.0/../../../../arm-none-eabi/lib/armv6k/fpu/libm.a(lib_a-wf_sqrt.o)
                0x0000000000111aec                sqrtf
 *fill*         0x0000000000111b3c        0x4 
 .text.sqrt     0x0000000000111b40       0x58 /opt/devkitpro/devkitARM/bin/../lib/gcc/arm-none-eabi/12.2.0/../../../../arm-none-eabi/lib/armv6k/fpu/libm.a(lib_a-w_sqrt.o)
                0x0000000000111b40                sqrt
 .text.__ieee754_atan2
                0x0000000000111b98      0x204 /opt/devkitpro/devkitARM/bin/../lib/gcc/arm-none-eabi/12.2.0/../../../../arm-none-eabi/lib/armv6k/fpu/libm.a(lib_a-e_atan2.o)
                0x0000000000111b98                __ieee754_atan2
 .text.__ieee754_sqrtf
                0x0000000000111d9c        0x8 /opt/devkitpro/devkitARM/bin/../lib/gcc/arm-none-eabi/12.2.0/../../../../arm-none-eabi/lib/armv6k/fpu/libm.a(lib_a-ef_sqrt.o)
                0x0000000000111d9c                __ieee754_sqrtf
 *fill*         0x0000000000111da4        0x4 
 .text.__ieee754_rem_pio2
                0x0000000000111da8      0x308 /opt/devkitpro/devkitARM/bin/../lib/gcc/arm-none-eabi/12.2.0/../../../../arm-none-eabi/lib/armv6k/fpu/libm.a(lib_a-e_rem_pio2.o)
                0x0000000000111da8                __ieee754_rem_pio2
 .text.__ieee754_sqrt
                0x00000000001120b0        0x8 /opt/devkitpro/devkitARM/bin/../lib/gcc/arm-none-eabi/12.2.0/../../../../arm-none-eabi/lib/armv6k/fpu/libm.a(lib_a-e_sqrt.o)
                0x00000000001120b0                __ieee754_sqrt
 .text.__kernel_cos
                0x00000000001120b8      0x158 /opt/devkitpro/devkitARM/bin/../lib/gcc/arm-none-eabi/12.2.0/../../../../arm-none-eabi/lib/armv6k/fpu/libm.a(lib_a-k_cos.o)
                0x00000000001120b8                __kernel_cos
 .text.__kernel_rem_pio2
                0x0000000000112210      0x8c0 /opt/devkitpro/devkitARM/bin/../lib/gcc/arm-none-eabi/12.2.0/../../../../arm-none-eabi/lib/armv6k/fpu/libm.a(lib_a-k_rem_pio2.o)
                0x0000000000112210                __kernel_rem_pio2
 .text.__kernel_sin
                0x0000000000112ad0       0xc0 /opt/devkitpro/devkitARM/bin/../lib/gcc/arm-none-eabi/12.2.0/../../../../arm-none-eabi/lib/armv6k/fpu/libm.a(lib_a-k_sin.o)
                0x0000000000112ad0                __kernel_sin
 .text.with_errno
                0x0000000000112b90       0x24 /opt/devkitpro/devkitARM/bin/../lib/gcc/arm-none-eabi/12.2.0/../../../../arm-none-eabi/lib/armv6k/fpu/libm.a(lib_a-math_err.o)
 .text.xflow    0x0000000000112bb4       0x28 /opt/devkitpro/devkitARM/bin/../lib/gcc/arm-none-eabi/12.2.0/../../../../arm-none-eabi/lib/armv6k/fpu/libm.a(lib_a-math_err.o)
 *fill*         0x0000000000112bdc        0x4 
 .text.__math_uflow
                0x0000000000112be0       0x10 /opt/devkitpro/devkitARM/bin/../lib/gcc/arm-none-eabi/12.2.0/../../../../arm-none-eabi/lib/armv6k/fpu/libm.a(lib_a-math_err.o)
                0x0000000000112be0                __math_uflow
 .text.__math_oflow
                0x0000000000112bf0       0x10 /opt/devkitpro/devkitARM/bin/../lib/gcc/arm-none-eabi/12.2.0/../../../../arm-none-eabi/lib/armv6k/fpu/libm.a(lib_a-math_err.o)
                0x0000000000112bf0                __math_oflow
 .text.__math_divzero
                0x0000000000112c00       0x50 /opt/devkitpro/devkitARM/bin/../lib/gcc/arm-none-eabi/12.2.0/../../../../arm-none-eabi/lib/armv6k/fpu/libm.a(lib_a-math_err.o)
                0x0000000000112c00                __math_divzero
 .text.__math_invalid
                0x0000000000112c50       0x1c /opt/devkitpro/devkitARM/bin/../lib/gcc/arm-none-eabi/12.2.0/../../../../arm-none-eabi/lib/armv6k/fpu/libm.a(lib_a-math_err.o)
                0x0000000000112c50                __math_invalid
 .text.__math_check_uflow
                0x0000000000112c6c       0x14 /opt/devkitpro/devkitARM/bin/../lib/gcc/arm-none-eabi/12.2.0/../../../../arm-none-eabi/lib/armv6k/fpu/libm.a(lib_a-math_err.o)
                0x0000000000112c6c                __math_check_uflow
 .text.__math_check_oflow
                0x0000000000112c80       0x28 /opt/devkitpro/devkitARM/bin/../lib/gcc/arm-none-eabi/12.2.0/../../../../arm-none-eabi/lib/armv6k/fpu/libm.a(lib_a-math_err.o)
                0x0000000000112c80                __math_check_oflow
 .text.floor    0x0000000000112ca8      0x144 /opt/devkitpro/devkitARM/bin/../lib/gcc/arm-none-eabi/12.2.0/../../../../arm-none-eabi/lib/armv6k/fpu/libm.a(lib_a-s_floor.o)
                0x0000000000112ca8                floor
 *fill*         0x0000000000112dec        0x4 
 .text.scalbn   0x0000000000112df0      0x140 /opt/devkitpro/devkitARM/bin/../lib/gcc/arm-none-eabi/12.2.0/../../../../arm-none-eabi/lib/armv6k/fpu/libm.a(lib_a-s_scalbn.o)
                0x0000000000112df0                scalbn
 .text.__udivmoddi4
                0x0000000000112f30      0x120 /opt/devkitpro/devkitARM/bin/../lib/gcc/arm-none-eabi/12.2.0/armv6k/fpu/libgcc.a(_udivmoddi4.o)
                0x0000000000112f30                __udivmoddi4
 .text.bsearch  0x0000000000113050       0x78 /opt/devkitpro/devkitARM/bin/../lib/gcc/arm-none-eabi/12.2.0/../../../../arm-none-eabi/lib/armv6k/fpu/libg.a(lib_a-bsearch.o)
                0x0000000000113050                bsearch
 .text.calloc   0x00000000001130c8       0x20 /opt/devkitpro/devkitARM/bin/../lib/gcc/arm-none-eabi/12.2.0/../../../../arm-none-eabi/lib/armv6k/fpu/libg.a(lib_a-calloc.o)
                0x00000000001130c8                calloc
 .text._calloc_r
                0x00000000001130e8       0xc0 /opt/devkitpro/devkitARM/bin/../lib/gcc/arm-none-eabi/12.2.0/../../../../arm-none-eabi/lib/armv6k/fpu/libg.a(lib_a-callocr.o)
                0x00000000001130e8                _calloc_r
 .text.__errno  0x00000000001131a8        0xc /opt/devkitpro/devkitARM/bin/../lib/gcc/arm-none-eabi/12.2.0/../../../../arm-none-eabi/lib/armv6k/fpu/libg.a(lib_a-errno.o)
                0x00000000001131a8                __errno
 .text.exit     0x00000000001131b4       0x34 /opt/devkitpro/devkitARM/bin/../lib/gcc/arm-none-eabi/12.2.0/../../../../arm-none-eabi/lib/armv6k/fpu/libg.a(lib_a-exit.o)
                0x00000000001131b4                exit
 .text.__sflush_r
                0x00000000001131e8      0x234 /opt/devkitpro/devkitARM/bin/../lib/gcc/arm-none-eabi/12.2.0/../../../../arm-none-eabi/lib/armv6k/fpu/libg.a(lib_a-fflush.o)
                0x00000000001131e8                __sflush_r
 .text._fflush_r
                0x000000000011341c       0x94 /opt/devkitpro/devkitARM/bin/../lib/gcc/arm-none-eabi/12.2.0/../../../../arm-none-eabi/lib/armv6k/fpu/libg.a(lib_a-fflush.o)
                0x000000000011341c                _fflush_r
 .text._cleanup_r
                0x00000000001134b0        0xc /opt/devkitpro/devkitARM/bin/../lib/gcc/arm-none-eabi/12.2.0/../../../../arm-none-eabi/lib/armv6k/fpu/libg.a(lib_a-findfp.o)
                0x00000000001134b0                _cleanup_r
 .text.__sinit  0x00000000001134bc      0x184 /opt/devkitpro/devkitARM/bin/../lib/gcc/arm-none-eabi/12.2.0/../../../../arm-none-eabi/lib/armv6k/fpu/libg.a(lib_a-findfp.o)
                0x00000000001134bc                __sinit
 .text.__sfp_lock_acquire
                0x0000000000113640        0xc /opt/devkitpro/devkitARM/bin/../lib/gcc/arm-none-eabi/12.2.0/../../../../arm-none-eabi/lib/armv6k/fpu/libg.a(lib_a-findfp.o)
                0x0000000000113640                __sfp_lock_acquire
 .text.__sfp_lock_release
                0x000000000011364c        0xc /opt/devkitpro/devkitARM/bin/../lib/gcc/arm-none-eabi/12.2.0/../../../../arm-none-eabi/lib/armv6k/fpu/libg.a(lib_a-findfp.o)
                0x000000000011364c                __sfp_lock_release
 .text.__libc_fini_array
                0x0000000000113658       0x3c /opt/devkitpro/devkitARM/bin/../lib/gcc/arm-none-eabi/12.2.0/../../../../arm-none-eabi/lib/armv6k/fpu/libg.a(lib_a-fini.o)
                0x0000000000113658                __libc_fini_array
 .text._malloc_trim_r
                0x0000000000113694       0xf8 /opt/devkitpro/devkitARM/bin/../lib/gcc/arm-none-eabi/12.2.0/../../../../arm-none-eabi/lib/armv6k/fpu/libg.a(lib_a-freer.o)
                0x0000000000113694                _malloc_trim_r
 .text._free_r  0x000000000011378c      0x2e8 /opt/devkitpro/devkitARM/bin/../lib/gcc/arm-none-eabi/12.2.0/../../../../arm-none-eabi/lib/armv6k/fpu/libg.a(lib_a-freer.o)
                0x000000000011378c                _free_r
 .text._fwalk_reent
                0x0000000000113a74       0x70 /opt/devkitpro/devkitARM/bin/../lib/gcc/arm-none-eabi/12.2.0/../../../../arm-none-eabi/lib/armv6k/fpu/libg.a(lib_a-fwalk.o)
                0x0000000000113a74                _fwalk_reent
 .text.__libc_init_array
                0x0000000000113ae4       0x84 /opt/devkitpro/devkitARM/bin/../lib/gcc/arm-none-eabi/12.2.0/../../../../arm-none-eabi/lib/armv6k/fpu/libg.a(lib_a-init.o)
                0x0000000000113ae4                __libc_init_array
 .text.memalign
                0x0000000000113b68       0x20 /opt/devkitpro/devkitARM/bin/../lib/gcc/arm-none-eabi/12.2.0/../../../../arm-none-eabi/lib/armv6k/fpu/libg.a(lib_a-malign.o)
                0x0000000000113b68                memalign
 .text._memalign_r
                0x0000000000113b88      0x14c /opt/devkitpro/devkitARM/bin/../lib/gcc/arm-none-eabi/12.2.0/../../../../arm-none-eabi/lib/armv6k/fpu/libg.a(lib_a-malignr.o)
                0x0000000000113b88                _memalign_r
 .text.malloc   0x0000000000113cd4       0x18 /opt/devkitpro/devkitARM/bin/../lib/gcc/arm-none-eabi/12.2.0/../../../../arm-none-eabi/lib/armv6k/fpu/libg.a(lib_a-malloc.o)
                0x0000000000113cd4                malloc
 .text.free     0x0000000000113cec       0x18 /opt/devkitpro/devkitARM/bin/../lib/gcc/arm-none-eabi/12.2.0/../../../../arm-none-eabi/lib/armv6k/fpu/libg.a(lib_a-malloc.o)
                0x0000000000113cec                free
 .text._malloc_r
                0x0000000000113d04      0x7e4 /opt/devkitpro/devkitARM/bin/../lib/gcc/arm-none-eabi/12.2.0/../../../../arm-none-eabi/lib/armv6k/fpu/libg.a(lib_a-mallocr.o)
                0x0000000000113d04                _malloc_r
 .text.memchr   0x00000000001144e8       0xe4 /opt/devkitpro/devkitARM/bin/../lib/gcc/arm-none-eabi/12.2.0/../../../../arm-none-eabi/lib/armv6k/fpu/libg.a(lib_a-memchr-stub.o)
                0x00000000001144e8                memchr
 .text.memcpy   0x00000000001145cc      0x118 /opt/devkitpro/devkitARM/bin/../lib/gcc/arm-none-eabi/12.2.0/../../../../arm-none-eabi/lib/armv6k/fpu/libg.a(lib_a-memcpy-stub.o)
                0x00000000001145cc                memcpy
 .text.memset   0x00000000001146e4       0xf4 /opt/devkitpro/devkitARM/bin/../lib/gcc/arm-none-eabi/12.2.0/../../../../arm-none-eabi/lib/armv6k/fpu/libg.a(lib_a-memset.o)
                0x00000000001146e4                memset
 .text.__malloc_lock
                0x00000000001147d8        0xc /opt/devkitpro/devkitARM/bin/../lib/gcc/arm-none-eabi/12.2.0/../../../../arm-none-eabi/lib/armv6k/fpu/libg.a(lib_a-mlock.o)
                0x00000000001147d8                __malloc_lock
 .text.__malloc_unlock
                0x00000000001147e4        0xc /opt/devkitpro/devkitARM/bin/../lib/gcc/arm-none-eabi/12.2.0/../../../../arm-none-eabi/lib/armv6k/fpu/libg.a(lib_a-mlock.o)
                0x00000000001147e4                __malloc_unlock
 .text.printf   0x00000000001147f0       0x34 /opt/devkitpro/devkitARM/bin/../lib/gcc/arm-none-eabi/12.2.0/../../../../arm-none-eabi/lib/armv6k/fpu/libg.a(lib_a-printf.o)
                0x00000000001147f0                printf
 .text.setvbuf  0x0000000000114824      0x25c /opt/devkitpro/devkitARM/bin/../lib/gcc/arm-none-eabi/12.2.0/../../../../arm-none-eabi/lib/armv6k/fpu/libg.a(lib_a-setvbuf.o)
                0x0000000000114824                setvbuf
 .text.sscanf   0x0000000000114a80       0x74 /opt/devkitpro/devkitARM/bin/../lib/gcc/arm-none-eabi/12.2.0/../../../../arm-none-eabi/lib/armv6k/fpu/libg.a(lib_a-sscanf.o)
                0x0000000000114a80                sscanf
 .text.__sread  0x0000000000114af4       0x44 /opt/devkitpro/devkitARM/bin/../lib/gcc/arm-none-eabi/12.2.0/../../../../arm-none-eabi/lib/armv6k/fpu/libg.a(lib_a-stdio.o)
                0x0000000000114af4                __sread
 .text.__seofread
                0x0000000000114b38        0x8 /opt/devkitpro/devkitARM/bin/../lib/gcc/arm-none-eabi/12.2.0/../../../../arm-none-eabi/lib/armv6k/fpu/libg.a(lib_a-stdio.o)
                0x0000000000114b38                __seofread
 .text.__swrite
                0x0000000000114b40       0x68 /opt/devkitpro/devkitARM/bin/../lib/gcc/arm-none-eabi/12.2.0/../../../../arm-none-eabi/lib/armv6k/fpu/libg.a(lib_a-stdio.o)
                0x0000000000114b40                __swrite
 .text.__sseek  0x0000000000114ba8       0x44 /opt/devkitpro/devkitARM/bin/../lib/gcc/arm-none-eabi/12.2.0/../../../../arm-none-eabi/lib/armv6k/fpu/libg.a(lib_a-stdio.o)
                0x0000000000114ba8                __sseek
 .text.__sclose
                0x0000000000114bec        0x8 /opt/devkitpro/devkitARM/bin/../lib/gcc/arm-none-eabi/12.2.0/../../../../arm-none-eabi/lib/armv6k/fpu/libg.a(lib_a-stdio.o)
                0x0000000000114bec                __sclose
 .text.strlen   0x0000000000114bf4       0x5c /opt/devkitpro/devkitARM/bin/../lib/gcc/arm-none-eabi/12.2.0/../../../../arm-none-eabi/lib/armv6k/fpu/libg.a(lib_a-strlen-stub.o)
                0x0000000000114bf4                strlen
 .text.strncat  0x0000000000114c50       0xe4 /opt/devkitpro/devkitARM/bin/../lib/gcc/arm-none-eabi/12.2.0/../../../../arm-none-eabi/lib/armv6k/fpu/libg.a(lib_a-strncat.o)
                0x0000000000114c50                strncat
 .text.strncmp  0x0000000000114d34       0xe4 /opt/devkitpro/devkitARM/bin/../lib/gcc/arm-none-eabi/12.2.0/../../../../arm-none-eabi/lib/armv6k/fpu/libg.a(lib_a-strncmp.o)
                0x0000000000114d34                strncmp
 .text.strncpy  0x0000000000114e18       0xc4 /opt/devkitpro/devkitARM/bin/../lib/gcc/arm-none-eabi/12.2.0/../../../../arm-none-eabi/lib/armv6k/fpu/libg.a(lib_a-strncpy.o)
                0x0000000000114e18                strncpy
 .text.strnlen  0x0000000000114edc       0x48 /opt/devkitpro/devkitARM/bin/../lib/gcc/arm-none-eabi/12.2.0/../../../../arm-none-eabi/lib/armv6k/fpu/libg.a(lib_a-strnlen.o)
                0x0000000000114edc                strnlen
 .text._strtoul_l.constprop.0
                0x0000000000114f24      0x1c4 /opt/devkitpro/devkitARM/bin/../lib/gcc/arm-none-eabi/12.2.0/../../../../arm-none-eabi/lib/armv6k/fpu/libg.a(lib_a-strtoul.o)
 .text._strtoul_r
                0x00000000001150e8        0x4 /opt/devkitpro/devkitARM/bin/../lib/gcc/arm-none-eabi/12.2.0/../../../../arm-none-eabi/lib/armv6k/fpu/libg.a(lib_a-strtoul.o)
                0x00000000001150e8                _strtoul_r
 .text.strtoul  0x00000000001150ec       0x28 /opt/devkitpro/devkitARM/bin/../lib/gcc/arm-none-eabi/12.2.0/../../../../arm-none-eabi/lib/armv6k/fpu/libg.a(lib_a-strtoul.o)
                0x00000000001150ec                strtoul
 .text.get_arg  0x0000000000115114       0x50 /opt/devkitpro/devkitARM/bin/../lib/gcc/arm-none-eabi/12.2.0/../../../../arm-none-eabi/lib/armv6k/fpu/libg.a(lib_a-svfscanf.o)
 .text.__ssvfscanf_r
                0x0000000000115164     0x2c38 /opt/devkitpro/devkitARM/bin/../lib/gcc/arm-none-eabi/12.2.0/../../../../arm-none-eabi/lib/armv6k/fpu/libg.a(lib_a-svfscanf.o)
                0x0000000000115164                __ssvfscanf_r
 .text.get_arg  0x0000000000117d9c      0x66c /opt/devkitpro/devkitARM/bin/../lib/gcc/arm-none-eabi/12.2.0/../../../../arm-none-eabi/lib/armv6k/fpu/libg.a(lib_a-vfprintf.o)
 .text._vfprintf_r
                0x0000000000118408     0x339c /opt/devkitpro/devkitARM/bin/../lib/gcc/arm-none-eabi/12.2.0/../../../../arm-none-eabi/lib/armv6k/fpu/libg.a(lib_a-vfprintf.o)
                0x0000000000118408                _vfprintf_r
 .text.__sbprintf
                0x000000000011b7a4       0xd0 /opt/devkitpro/devkitARM/bin/../lib/gcc/arm-none-eabi/12.2.0/../../../../arm-none-eabi/lib/armv6k/fpu/libg.a(lib_a-vfprintf.o)
 .text._wcrtomb_r
                0x000000000011b874       0x54 /opt/devkitpro/devkitARM/bin/../lib/gcc/arm-none-eabi/12.2.0/../../../../arm-none-eabi/lib/armv6k/fpu/libg.a(lib_a-wcrtomb.o)
                0x000000000011b874                _wcrtomb_r
 .text._wcsrtombs_r
                0x000000000011b8c8       0x28 /opt/devkitpro/devkitARM/bin/../lib/gcc/arm-none-eabi/12.2.0/../../../../arm-none-eabi/lib/armv6k/fpu/libg.a(lib_a-wcsrtombs.o)
                0x000000000011b8c8                _wcsrtombs_r
 .text.__swsetup_r
                0x000000000011b8f0      0x13c /opt/devkitpro/devkitARM/bin/../lib/gcc/arm-none-eabi/12.2.0/../../../../arm-none-eabi/lib/armv6k/fpu/libg.a(lib_a-wsetup.o)
                0x000000000011b8f0                __swsetup_r
 .text.__call_exitprocs
                0x000000000011ba2c      0x114 /opt/devkitpro/devkitARM/bin/../lib/gcc/arm-none-eabi/12.2.0/../../../../arm-none-eabi/lib/armv6k/fpu/libg.a(lib_a-__call_atexit.o)
                0x000000000011ba2c                __call_exitprocs
 .text.quorem   0x000000000011bb40      0x1b0 /opt/devkitpro/devkitARM/bin/../lib/gcc/arm-none-eabi/12.2.0/../../../../arm-none-eabi/lib/armv6k/fpu/libg.a(lib_a-dtoa.o)
 .text._dtoa_r  0x000000000011bcf0     0x11f8 /opt/devkitpro/devkitARM/bin/../lib/gcc/arm-none-eabi/12.2.0/../../../../arm-none-eabi/lib/armv6k/fpu/libg.a(lib_a-dtoa.o)
                0x000000000011bcf0                _dtoa_r
 .text._fclose_r
                0x000000000011cee8      0x15c /opt/devkitpro/devkitARM/bin/../lib/gcc/arm-none-eabi/12.2.0/../../../../arm-none-eabi/lib/armv6k/fpu/libg.a(lib_a-fclose.o)
                0x000000000011cee8                _fclose_r
 .text.iswspace
                0x000000000011d044        0x8 /opt/devkitpro/devkitARM/bin/../lib/gcc/arm-none-eabi/12.2.0/../../../../arm-none-eabi/lib/armv6k/fpu/libg.a(lib_a-iswspace.o)
                0x000000000011d044                iswspace
 .text._localeconv_r
                0x000000000011d04c        0xc /opt/devkitpro/devkitARM/bin/../lib/gcc/arm-none-eabi/12.2.0/../../../../arm-none-eabi/lib/armv6k/fpu/libg.a(lib_a-localeconv.o)
                0x000000000011d04c                _localeconv_r
 .text.__locale_mb_cur_max
                0x000000000011d058       0x10 /opt/devkitpro/devkitARM/bin/../lib/gcc/arm-none-eabi/12.2.0/../../../../arm-none-eabi/lib/armv6k/fpu/libg.a(lib_a-locale.o)
                0x000000000011d058                __locale_mb_cur_max
 .text.__smakebuf_r
                0x000000000011d068      0x138 /opt/devkitpro/devkitARM/bin/../lib/gcc/arm-none-eabi/12.2.0/../../../../arm-none-eabi/lib/armv6k/fpu/libg.a(lib_a-makebuf.o)
                0x000000000011d068                __smakebuf_r
 .text.__swhatbuf_r
                0x000000000011d1a0       0x8c /opt/devkitpro/devkitARM/bin/../lib/gcc/arm-none-eabi/12.2.0/../../../../arm-none-eabi/lib/armv6k/fpu/libg.a(lib_a-makebuf.o)
                0x000000000011d1a0                __swhatbuf_r
 .text._mbrtowc_r
                0x000000000011d22c       0x68 /opt/devkitpro/devkitARM/bin/../lib/gcc/arm-none-eabi/12.2.0/../../../../arm-none-eabi/lib/armv6k/fpu/libg.a(lib_a-mbrtowc.o)
                0x000000000011d22c                _mbrtowc_r
 .text.__utf8_mbtowc
                0x000000000011d294      0x2f8 /opt/devkitpro/devkitARM/bin/../lib/gcc/arm-none-eabi/12.2.0/../../../../arm-none-eabi/lib/armv6k/fpu/libg.a(lib_a-mbtowc_r.o)
                0x000000000011d294                __utf8_mbtowc
 .text._Balloc  0x000000000011d58c       0x88 /opt/devkitpro/devkitARM/bin/../lib/gcc/arm-none-eabi/12.2.0/../../../../arm-none-eabi/lib/armv6k/fpu/libg.a(lib_a-mprec.o)
                0x000000000011d58c                _Balloc
 .text._Bfree   0x000000000011d614       0x1c /opt/devkitpro/devkitARM/bin/../lib/gcc/arm-none-eabi/12.2.0/../../../../arm-none-eabi/lib/armv6k/fpu/libg.a(lib_a-mprec.o)
                0x000000000011d614                _Bfree
 .text.__multadd
                0x000000000011d630       0xf4 /opt/devkitpro/devkitARM/bin/../lib/gcc/arm-none-eabi/12.2.0/../../../../arm-none-eabi/lib/armv6k/fpu/libg.a(lib_a-mprec.o)
                0x000000000011d630                __multadd
 .text.__s2b    0x000000000011d724      0x110 /opt/devkitpro/devkitARM/bin/../lib/gcc/arm-none-eabi/12.2.0/../../../../arm-none-eabi/lib/armv6k/fpu/libg.a(lib_a-mprec.o)
                0x000000000011d724                __s2b
 .text.__hi0bits
                0x000000000011d834       0x60 /opt/devkitpro/devkitARM/bin/../lib/gcc/arm-none-eabi/12.2.0/../../../../arm-none-eabi/lib/armv6k/fpu/libg.a(lib_a-mprec.o)
                0x000000000011d834                __hi0bits
 .text.__lo0bits
                0x000000000011d894       0x9c /opt/devkitpro/devkitARM/bin/../lib/gcc/arm-none-eabi/12.2.0/../../../../arm-none-eabi/lib/armv6k/fpu/libg.a(lib_a-mprec.o)
                0x000000000011d894                __lo0bits
 .text.__i2b    0x000000000011d930       0xa8 /opt/devkitpro/devkitARM/bin/../lib/gcc/arm-none-eabi/12.2.0/../../../../arm-none-eabi/lib/armv6k/fpu/libg.a(lib_a-mprec.o)
                0x000000000011d930                __i2b
 .text.__multiply
                0x000000000011d9d8      0x204 /opt/devkitpro/devkitARM/bin/../lib/gcc/arm-none-eabi/12.2.0/../../../../arm-none-eabi/lib/armv6k/fpu/libg.a(lib_a-mprec.o)
                0x000000000011d9d8                __multiply
 .text.__pow5mult
                0x000000000011dbdc      0x124 /opt/devkitpro/devkitARM/bin/../lib/gcc/arm-none-eabi/12.2.0/../../../../arm-none-eabi/lib/armv6k/fpu/libg.a(lib_a-mprec.o)
                0x000000000011dbdc                __pow5mult
 .text.__lshift
                0x000000000011dd00      0x140 /opt/devkitpro/devkitARM/bin/../lib/gcc/arm-none-eabi/12.2.0/../../../../arm-none-eabi/lib/armv6k/fpu/libg.a(lib_a-mprec.o)
                0x000000000011dd00                __lshift
 .text.__mcmp   0x000000000011de40       0x58 /opt/devkitpro/devkitARM/bin/../lib/gcc/arm-none-eabi/12.2.0/../../../../arm-none-eabi/lib/armv6k/fpu/libg.a(lib_a-mprec.o)
                0x000000000011de40                __mcmp
 .text.__mdiff  0x000000000011de98      0x1ec /opt/devkitpro/devkitARM/bin/../lib/gcc/arm-none-eabi/12.2.0/../../../../arm-none-eabi/lib/armv6k/fpu/libg.a(lib_a-mprec.o)
                0x000000000011de98                __mdiff
 .text.__ulp    0x000000000011e084       0x68 /opt/devkitpro/devkitARM/bin/../lib/gcc/arm-none-eabi/12.2.0/../../../../arm-none-eabi/lib/armv6k/fpu/libg.a(lib_a-mprec.o)
                0x000000000011e084                __ulp
 .text.__b2d    0x000000000011e0ec       0xd0 /opt/devkitpro/devkitARM/bin/../lib/gcc/arm-none-eabi/12.2.0/../../../../arm-none-eabi/lib/armv6k/fpu/libg.a(lib_a-mprec.o)
                0x000000000011e0ec                __b2d
 .text.__d2b    0x000000000011e1bc      0x120 /opt/devkitpro/devkitARM/bin/../lib/gcc/arm-none-eabi/12.2.0/../../../../arm-none-eabi/lib/armv6k/fpu/libg.a(lib_a-mprec.o)
                0x000000000011e1bc                __d2b
 .text.__ratio  0x000000000011e2dc       0x78 /opt/devkitpro/devkitARM/bin/../lib/gcc/arm-none-eabi/12.2.0/../../../../arm-none-eabi/lib/armv6k/fpu/libg.a(lib_a-mprec.o)
                0x000000000011e2dc                __ratio
 .text.__copybits
                0x000000000011e354       0x88 /opt/devkitpro/devkitARM/bin/../lib/gcc/arm-none-eabi/12.2.0/../../../../arm-none-eabi/lib/armv6k/fpu/libg.a(lib_a-mprec.o)
                0x000000000011e354                __copybits
 .text.__any_on
                0x000000000011e3dc       0x5c /opt/devkitpro/devkitARM/bin/../lib/gcc/arm-none-eabi/12.2.0/../../../../arm-none-eabi/lib/armv6k/fpu/libg.a(lib_a-mprec.o)
                0x000000000011e3dc                __any_on
 .text.realloc  0x000000000011e438       0x20 /opt/devkitpro/devkitARM/bin/../lib/gcc/arm-none-eabi/12.2.0/../../../../arm-none-eabi/lib/armv6k/fpu/libg.a(lib_a-realloc.o)
                0x000000000011e438                realloc
 .text._realloc_r
                0x000000000011e458      0x4a0 /opt/devkitpro/devkitARM/bin/../lib/gcc/arm-none-eabi/12.2.0/../../../../arm-none-eabi/lib/armv6k/fpu/libg.a(lib_a-reallocr.o)
                0x000000000011e458                _realloc_r
 .text.__sccl   0x000000000011e8f8       0xf4 /opt/devkitpro/devkitARM/bin/../lib/gcc/arm-none-eabi/12.2.0/../../../../arm-none-eabi/lib/armv6k/fpu/libg.a(lib_a-sccl.o)
                0x000000000011e8f8                __sccl
 .text.nanf     0x000000000011e9ec        0xc /opt/devkitpro/devkitARM/bin/../lib/gcc/arm-none-eabi/12.2.0/../../../../arm-none-eabi/lib/armv6k/fpu/libg.a(lib_a-sf_nan.o)
                0x000000000011e9ec                nanf
 .text.frexp    0x000000000011e9f8       0x88 /opt/devkitpro/devkitARM/bin/../lib/gcc/arm-none-eabi/12.2.0/../../../../arm-none-eabi/lib/armv6k/fpu/libg.a(lib_a-s_frexp.o)
                0x000000000011e9f8                frexp
 .text.sprintf  0x000000000011ea80       0x64 /opt/devkitpro/devkitARM/bin/../lib/gcc/arm-none-eabi/12.2.0/../../../../arm-none-eabi/lib/armv6k/fpu/libg.a(lib_a-sprintf.o)
                0x000000000011ea80                sprintf
 .text.stpncpy  0x000000000011eae4       0xcc /opt/devkitpro/devkitARM/bin/../lib/gcc/arm-none-eabi/12.2.0/../../../../arm-none-eabi/lib/armv6k/fpu/libg.a(lib_a-stpncpy.o)
                0x000000000011eae4                stpncpy
 .text.strchr   0x000000000011ebb0      0x130 /opt/devkitpro/devkitARM/bin/../lib/gcc/arm-none-eabi/12.2.0/../../../../arm-none-eabi/lib/armv6k/fpu/libg.a(lib_a-strchr.o)
                0x000000000011ebb0                strchr
 .text.sulp     0x000000000011ece0       0x64 /opt/devkitpro/devkitARM/bin/../lib/gcc/arm-none-eabi/12.2.0/../../../../arm-none-eabi/lib/armv6k/fpu/libg.a(lib_a-strtod.o)
 *fill*         0x000000000011ed44        0x4 
 .text._strtod_l
                0x000000000011ed48     0x13a8 /opt/devkitpro/devkitARM/bin/../lib/gcc/arm-none-eabi/12.2.0/../../../../arm-none-eabi/lib/armv6k/fpu/libg.a(lib_a-strtod.o)
                0x000000000011ed48                _strtod_l
 .text._strtod_r
                0x00000000001200f0        0xc /opt/devkitpro/devkitARM/bin/../lib/gcc/arm-none-eabi/12.2.0/../../../../arm-none-eabi/lib/armv6k/fpu/libg.a(lib_a-strtod.o)
                0x00000000001200f0                _strtod_r
 .text._strtoll_l.constprop.0
                0x00000000001200fc      0x22c /opt/devkitpro/devkitARM/bin/../lib/gcc/arm-none-eabi/12.2.0/../../../../arm-none-eabi/lib/armv6k/fpu/libg.a(lib_a-strtoll.o)
 .text._strtoll_r
                0x0000000000120328        0x4 /opt/devkitpro/devkitARM/bin/../lib/gcc/arm-none-eabi/12.2.0/../../../../arm-none-eabi/lib/armv6k/fpu/libg.a(lib_a-strtoll.o)
                0x0000000000120328                _strtoll_r
 .text._strtol_l.part.0
                0x000000000012032c      0x1a4 /opt/devkitpro/devkitARM/bin/../lib/gcc/arm-none-eabi/12.2.0/../../../../arm-none-eabi/lib/armv6k/fpu/libg.a(lib_a-strtol.o)
 .text._strtol_r
                0x00000000001204d0       0x3c /opt/devkitpro/devkitARM/bin/../lib/gcc/arm-none-eabi/12.2.0/../../../../arm-none-eabi/lib/armv6k/fpu/libg.a(lib_a-strtol.o)
                0x00000000001204d0                _strtol_r
 .text._strtoull_l.constprop.0
                0x000000000012050c      0x244 /opt/devkitpro/devkitARM/bin/../lib/gcc/arm-none-eabi/12.2.0/../../../../arm-none-eabi/lib/armv6k/fpu/libg.a(lib_a-strtoull.o)
 .text._strtoull_r
                0x0000000000120750        0x4 /opt/devkitpro/devkitARM/bin/../lib/gcc/arm-none-eabi/12.2.0/../../../../arm-none-eabi/lib/armv6k/fpu/libg.a(lib_a-strtoull.o)
                0x0000000000120750                _strtoull_r
 .text.__ssprint_r